Mono path[0] = 'E:/Games/AdventureGames/Hollow-Knight-Silksong/Hollow Knight Silksong/Hollow Knight Silksong_Data/Managed'
Mono config path = 'E:/Games/AdventureGames/Hollow-Knight-Silksong/Hollow Knight Silksong/MonoBleedingEdge/etc'
Input System module state changed to: Initialized.
[Physics::Module] Initialized fallback backend.
[Physics::Module] Id: 0xdecafbad
Initialize engine version: 6000.0.50f1-uum-100966-branch1 (16f07294548e)
[Subsystems] Discovering subsystems at path E:/Games/AdventureGames/Hollow-Knight-Silksong/Hollow Knight Silksong/Hollow Knight Silksong_Data/UnitySubsystems
GfxDevice: creating device client; kGfxThreadingModeThreaded
Direct3D:
    Version:  Direct3D 11.0 [level 11.0]
    Renderer: NVIDIA GeForce GTX 750 Ti (ID=0x1380)
    Vendor:   NVIDIA
    VRAM:     1999 MB
    Driver:   32.0.15.6094
Begin MonoManager ReloadAssembly
- Loaded All Assemblies, in  0.117 seconds
- Finished resetting the current domain, in  0.004 seconds
[Physics::Module] Selected backend.
[Physics::Module] Name: PhysX
[Physics::Module] Id: 0xf2b8ea05
[Physics::Module] SDK Version: 4.1.2
[Physics::Module] Integration Version: 1.0.0
[Physics::Module] Threading Mode: Multi-Threaded
<RI> Initializing input.
Using Windows.Gaming.Input
<RI> Input initialized.
dxgi: swapchain SetFullscreenState failed (887a0022).
<RI> Initialized touch support.
UnloadTime: 0.738500 ms
No online subsystems packaged.
Failed to change display to ExclusiveFullscreen...reverting to FullscreenWindow
Direct3D: detected that using refresh rate causes time drift. Will stop trusting refresh rate until the game window is moved.
Direct3D: detected that vsync is broken (it does not limit frame rate properly). Delta time will now be calculated using cpu-side time stampling until the game window is moved.
Unloading 5 Unused Serialized files (Serialized files now loaded: 528)
UnloadTime: 1.294300 ms
Discovered supported languages: DE, EN, ES, FR, IT, JA, KO, PT, RU, ZH
Loaded saved language code 'EN'
Restored language code 'EN'
Couldn't find a Game Manager, make sure one exists in the scene.
Couldn't find GameCameras, make sure one exists in the scene.
Unloading 53 unused Assets to reduce memory usage. Loaded Objects now: 6528.
Total: 6.191200 ms (FindLiveObjects: 0.667300 ms CreateObjectMapping: 0.449700 ms MarkObjects: 4.994700 ms  DeleteObjects: 0.075900 ms)

Unloading 2 Unused Serialized files (Serialized files now loaded: 528)
Unloading 1 unused Assets to reduce memory usage. Loaded Objects now: 13748.
Total: 9.774000 ms (FindLiveObjects: 0.819700 ms CreateObjectMapping: 1.286600 ms MarkObjects: 7.623900 ms  DeleteObjects: 0.043300 ms)

Unloading 1 Unused Serialized files (Serialized files now loaded: 582)
Couldn't find GameCameras, make sure one exists in the scene.
Couldn't find a Game Manager, make sure one exists in the scene.
UnloadTime: 9.937000 ms
Loaded saved language code 'EN'
Restored language code 'EN'
Unloading 73 unused Assets to reduce memory usage. Loaded Objects now: 67446.
Total: 52.190100 ms (FindLiveObjects: 6.456900 ms CreateObjectMapping: 6.467100 ms MarkObjects: 38.887900 ms  DeleteObjects: 0.377900 ms)

MenuButton missing flashEffect!
Making UI menu lean.
Only custom filters can be played. Please add a custom filter or an audioclip to the audiosource (Audio Player Actor Distant V2(Clone)).
Only custom filters can be played. Please add a custom filter or an audioclip to the audiosource (Audio Player Actor Distant V2(Clone)).
Only custom filters can be played. Please add a custom filter or an audioclip to the audiosource (Audio Player Actor Distant V2(Clone)).
Using fallback 1 to find tilemap. Scene Opening_Sequence requires manual fixing.
Failed to find tilemap in Opening_Sequence entirely.
Opening sequence changing sequences.
Unloading 3 Unused Serialized files (Serialized files now loaded: 565)
Unloading 286 unused Assets to reduce memory usage. Loaded Objects now: 84163.
Total: 60.254200 ms (FindLiveObjects: 7.489300 ms CreateObjectMapping: 6.690700 ms MarkObjects: 45.035900 ms  DeleteObjects: 1.037700 ms)

Couldn't find ControlReminder instance.
Couldn't find ControlReminder instance.
Couldn't find ControlReminder instance.
Only custom filters can be played. Please add a custom filter or an audioclip to the audiosource (Music).
Unloading 1 Unused Serialized files (Serialized files now loaded: 590)
Opening sequence changing sequences.
Unexpected timestamp values detected. This can occur in H.264 videos not encoded with the baseline profile. Timestamps will be skewed to correct the playback for archive:/CAB-04119a77865892709af3e65442e2f32a/CAB-04119a77865892709af3e65442e2f32a.resource
Opening sequence changing sequences.
Couldn't find ControlReminder instance.
Couldn't find ControlReminder instance.
Couldn't find ControlReminder instance.
UnloadTime: 1.874800 ms
Converting Vertex Colors from Color32 to Color.
Converting Vertex Colors from Color32 to Color.
Converting Vertex Colors from Color32 to Color.
Unloading 2277 unused Assets to reduce memory usage. Loaded Objects now: 129414.
Total: 109.016300 ms (FindLiveObjects: 12.039700 ms CreateObjectMapping: 10.494400 ms MarkObjects: 82.703800 ms  DeleteObjects: 3.777900 ms)

Failed to data to C:/Users/Omar/AppData/LocalLow/Team Cherry/Hollow Knight Silksong\default\shared.dat: System.IO.FileNotFoundException: Unable to find the specified file.
  at System.IO.FileSystem.ReplaceFile (System.String sourceFullPath, System.String destFullPath, System.String destBackupFullPath, System.Boolean ignoreMetadataErrors) [0x0002c] in <e19fb1224222436ca0871ff12e7fb293>:0 
  at System.IO.File.Replace (System.String sourceFileName, System.String destinationFileName, System.String destinationBackupFileName, System.Boolean ignoreMetadataErrors) [0x00034] in <e19fb1224222436ca0871ff12e7fb293>:0 
  at JsonSharedData.WriteAllBytesSafe (System.String path, System.Byte[] data) [0x00078] in <35f45ff2c83241c0ab51857388306087>:0 
Cannot use 'linearVelocity' on a static body.
Cannot use 'linearVelocity' on a static body.
Failed to data to C:/Users/Omar/AppData/LocalLow/Team Cherry/Hollow Knight Silksong\default\shared.dat: System.IO.FileNotFoundException: Unable to find the specified file.
  at System.IO.FileSystem.ReplaceFile (System.String sourceFullPath, System.String destFullPath, System.String destBackupFullPath, System.Boolean ignoreMetadataErrors) [0x0002c] in <e19fb1224222436ca0871ff12e7fb293>:0 
  at System.IO.File.Replace (System.String sourceFileName, System.String destinationFileName, System.String destinationBackupFileName, System.Boolean ignoreMetadataErrors) [0x00034] in <e19fb1224222436ca0871ff12e7fb293>:0 
  at JsonSharedData.WriteAllBytesSafe (System.String path, System.Byte[] data) [0x00078] in <35f45ff2c83241c0ab51857388306087>:0 
Failed to data to C:/Users/Omar/AppData/LocalLow/Team Cherry/Hollow Knight Silksong\default\shared.dat: System.IO.FileNotFoundException: Unable to find the specified file.
  at System.IO.FileSystem.ReplaceFile (System.String sourceFullPath, System.String destFullPath, System.String destBackupFullPath, System.Boolean ignoreMetadataErrors) [0x0002c] in <e19fb1224222436ca0871ff12e7fb293>:0 
  at System.IO.File.Replace (System.String sourceFileName, System.String destinationFileName, System.String destinationBackupFileName, System.Boolean ignoreMetadataErrors) [0x00034] in <e19fb1224222436ca0871ff12e7fb293>:0 
  at JsonSharedData.WriteAllBytesSafe (System.String path, System.Byte[] data) [0x00078] in <35f45ff2c83241c0ab51857388306087>:0 
Failed to data to C:/Users/Omar/AppData/LocalLow/Team Cherry/Hollow Knight Silksong\default\shared.dat: System.IO.FileNotFoundException: Unable to find the specified file.
  at System.IO.FileSystem.ReplaceFile (System.String sourceFullPath, System.String destFullPath, System.String destBackupFullPath, System.Boolean ignoreMetadataErrors) [0x0002c] in <e19fb1224222436ca0871ff12e7fb293>:0 
  at System.IO.File.Replace (System.String sourceFileName, System.String destinationFileName, System.String destinationBackupFileName, System.Boolean ignoreMetadataErrors) [0x00034] in <e19fb1224222436ca0871ff12e7fb293>:0 
  at JsonSharedData.WriteAllBytesSafe (System.String path, System.Byte[] data) [0x00078] in <35f45ff2c83241c0ab51857388306087>:0 
Only custom filters can be played. Please add a custom filter or an audioclip to the audiosource (Audio Player Actor Distant V2(Clone)).
Only custom filters can be played. Please add a custom filter or an audioclip to the audiosource (Audio Player Actor Distant V2(Clone)).
Only custom filters can be played. Please add a custom filter or an audioclip to the audiosource (Audio Player Actor Distant V2(Clone)).
Only custom filters can be played. Please add a custom filter or an audioclip to the audiosource (Audio Player Actor Distant V2(Clone)).
Only custom filters can be played. Please add a custom filter or an audioclip to the audiosource (Audio Player Actor Distant V2(Clone)).
Failed to data to C:/Users/Omar/AppData/LocalLow/Team Cherry/Hollow Knight Silksong\default\shared.dat: System.IO.FileNotFoundException: Unable to find the specified file.
  at System.IO.FileSystem.ReplaceFile (System.String sourceFullPath, System.String destFullPath, System.String destBackupFullPath, System.Boolean ignoreMetadataErrors) [0x0002c] in <e19fb1224222436ca0871ff12e7fb293>:0 
  at System.IO.File.Replace (System.String sourceFileName, System.String destinationFileName, System.String destinationBackupFileName, System.Boolean ignoreMetadataErrors) [0x00034] in <e19fb1224222436ca0871ff12e7fb293>:0 
  at JsonSharedData.WriteAllBytesSafe (System.String path, System.Byte[] data) [0x00078] in <35f45ff2c83241c0ab51857388306087>:0 
Failed to data to C:/Users/Omar/AppData/LocalLow/Team Cherry/Hollow Knight Silksong\default\shared.dat: System.IO.FileNotFoundException: Unable to find the specified file.
  at System.IO.FileSystem.ReplaceFile (System.String sourceFullPath, System.String destFullPath, System.String destBackupFullPath, System.Boolean ignoreMetadataErrors) [0x0002c] in <e19fb1224222436ca0871ff12e7fb293>:0 
  at System.IO.File.Replace (System.String sourceFileName, System.String destinationFileName, System.String destinationBackupFileName, System.Boolean ignoreMetadataErrors) [0x00034] in <e19fb1224222436ca0871ff12e7fb293>:0 
  at JsonSharedData.WriteAllBytesSafe (System.String path, System.Byte[] data) [0x00078] in <35f45ff2c83241c0ab51857388306087>:0 
Could Not Create Action: : Behaviour: Sing:  (Maybe the script was removed?)
Could Not Create Action: : Behaviour: Sing:  (Maybe the script was removed?)
Failed to data to C:/Users/Omar/AppData/LocalLow/Team Cherry/Hollow Knight Silksong\default\shared.dat: System.IO.FileNotFoundException: Unable to find the specified file.
  at System.IO.FileSystem.ReplaceFile (System.String sourceFullPath, System.String destFullPath, System.String destBackupFullPath, System.Boolean ignoreMetadataErrors) [0x0002c] in <e19fb1224222436ca0871ff12e7fb293>:0 
  at System.IO.File.Replace (System.String sourceFileName, System.String destinationFileName, System.String destinationBackupFileName, System.Boolean ignoreMetadataErrors) [0x00034] in <e19fb1224222436ca0871ff12e7fb293>:0 
  at JsonSharedData.WriteAllBytesSafe (System.String path, System.Byte[] data) [0x00078] in <35f45ff2c83241c0ab51857388306087>:0 
Failed to data to C:/Users/Omar/AppData/LocalLow/Team Cherry/Hollow Knight Silksong\default\shared.dat: System.IO.FileNotFoundException: Unable to find the specified file.
  at System.IO.FileSystem.ReplaceFile (System.String sourceFullPath, System.String destFullPath, System.String destBackupFullPath, System.Boolean ignoreMetadataErrors) [0x0002c] in <e19fb1224222436ca0871ff12e7fb293>:0 
  at System.IO.File.Replace (System.String sourceFileName, System.String destinationFileName, System.String destinationBackupFileName, System.Boolean ignoreMetadataErrors) [0x00034] in <e19fb1224222436ca0871ff12e7fb293>:0 
  at JsonSharedData.WriteAllBytesSafe (System.String path, System.Byte[] data) [0x00078] in <35f45ff2c83241c0ab51857388306087>:0 
Unloading 2 Unused Serialized files (Serialized files now loaded: 612)
Attempting to get `time` on an audio source that has a resource that is not a clip will always return 0.
Attempting to get `time` on an audio source that has a resource that is not a clip will always return 0.
Attempting to get `time` on an audio source that has a resource that is not a clip will always return 0.
Attempting to get `time` on an audio source that has a resource that is not a clip will always return 0.
UnloadTime: 11.575100 ms
Unloading 9030 unused Assets to reduce memory usage. Loaded Objects now: 123344.
Total: 155.893500 ms (FindLiveObjects: 14.002600 ms CreateObjectMapping: 11.521000 ms MarkObjects: 78.173100 ms  DeleteObjects: 52.196000 ms)

Unloading 0 Unused Serialized files (Serialized files now loaded: 526)
Unloading 7969 unused Assets to reduce memory usage. Loaded Objects now: 25953.
Total: 67.125000 ms (FindLiveObjects: 2.509100 ms CreateObjectMapping: 3.781500 ms MarkObjects: 44.322400 ms  DeleteObjects: 16.511600 ms)

Unloading 1 Unused Serialized files (Serialized files now loaded: 580)
UnloadTime: 0.983200 ms
Loaded saved language code 'EN'
Restored language code 'EN'
Unloading 56 unused Assets to reduce memory usage. Loaded Objects now: 72889.
Total: 69.766800 ms (FindLiveObjects: 6.055200 ms CreateObjectMapping: 6.567500 ms MarkObjects: 56.937000 ms  DeleteObjects: 0.206900 ms)

Unloading 1 Unused Serialized files (Serialized files now loaded: 578)
Unloading 5614 unused Assets to reduce memory usage. Loaded Objects now: 67259.
Total: 76.994700 ms (FindLiveObjects: 6.086300 ms CreateObjectMapping: 6.968200 ms MarkObjects: 50.928300 ms  DeleteObjects: 13.011500 ms)

Couldn't find a Game Manager, make sure one exists in the scene.
Couldn't find a Game Manager, make sure one exists in the scene.
Couldn't find a Game Manager, make sure one exists in the scene.
Couldn't find a Game Manager, make sure one exists in the scene.
Couldn't find a Game Manager, make sure one exists in the scene.
Couldn't find a Game Manager, make sure one exists in the scene.
Couldn't find a Game Manager, make sure one exists in the scene.
Couldn't find a Game Manager, make sure one exists in the scene.
Couldn't find a Game Manager, make sure one exists in the scene.
Couldn't find a Game Manager, make sure one exists in the scene.
Couldn't find a Game Manager, make sure one exists in the scene.
Couldn't find a Game Manager, make sure one exists in the scene.
Couldn't find a Game Manager, make sure one exists in the scene.
Couldn't find a Game Manager, make sure one exists in the scene.
Couldn't find a Game Manager, make sure one exists in the scene.
[Physics::Module] Cleanup current backned.
[Physics::Module] Id: 0xf2b8ea05
Input System module state changed to: ShutdownInProgress.
Input System polling thread exited.
Input System module state changed to: Shutdown.
