Mono path[0] = 'D:/Games/AdventureGames/Hollow-Knight-Silksong/Hollow Knight Silksong/Hollow Knight Silksong_Data/Managed'
Mono config path = 'D:/Games/AdventureGames/Hollow-Knight-Silksong/Hollow Knight Silksong/MonoBleedingEdge/etc'
Input System module state changed to: Initialized.
[Physics::Module] Initialized fallback backend.
[Physics::Module] Id: 0xdecafbad
Initialize engine version: 6000.0.50f1-uum-100966-branch1 (359a00488d30)
[Subsystems] Discovering subsystems at path D:/Games/AdventureGames/Hollow-Knight-Silksong/Hollow Knight Silksong/Hollow Knight Silksong_Data/UnitySubsystems
GfxDevice: creating device client; kGfxThreadingModeThreaded
Direct3D:
    Version:  Direct3D 11.0 [level 11.0]
    Renderer: NVIDIA GeForce GTX 750 Ti (ID=0x1380)
    Vendor:   NVIDIA
    VRAM:     1999 MB
    Driver:   32.0.15.6094
Begin MonoManager ReloadAssembly
- Loaded All Assemblies, in  2.496 seconds
- Finished resetting the current domain, in  0.059 seconds
[Physics::Module] Selected backend.
[Physics::Module] Name: PhysX
[Physics::Module] Id: 0xf2b8ea05
[Physics::Module] SDK Version: 4.1.2
[Physics::Module] Integration Version: 1.0.0
[Physics::Module] Threading Mode: Multi-Threaded
<RI> Initializing input.
<RI> Input initialized.
<RI> Initialized touch support.
UnloadTime: 13.440200 ms
Steam initializing
Steam failed to initialize
Selected online subsystem SteamOnlineSubsystem
Direct3D: detected that using refresh rate causes time drift. Will stop trusting refresh rate until the game window is moved.
Direct3D: detected that vsync is broken (it does not limit frame rate properly). Delta time will now be calculated using cpu-side time stampling until the game window is moved.
Unloading 5 Unused Serialized files (Serialized files now loaded: 527)
UnloadTime: 1.694600 ms
Discovered supported languages: DE, EN, ES, FR, IT, JA, KO, PT, RU, ZH
Loaded saved language code 'EN'
Restored language code 'EN'
Couldn't find a Game Manager, make sure one exists in the scene.
Couldn't find GameCameras, make sure one exists in the scene.
Unloading 53 unused Assets to reduce memory usage. Loaded Objects now: 6115.
Total: 5.110800 ms (FindLiveObjects: 0.479000 ms CreateObjectMapping: 0.224500 ms MarkObjects: 4.328200 ms  DeleteObjects: 0.078800 ms)

Unloading 2 Unused Serialized files (Serialized files now loaded: 527)
Unloading 1 unused Assets to reduce memory usage. Loaded Objects now: 13333.
Total: 9.797700 ms (FindLiveObjects: 0.808500 ms CreateObjectMapping: 0.599500 ms MarkObjects: 8.351900 ms  DeleteObjects: 0.037600 ms)

Couldn't find GameCameras, make sure one exists in the scene.
Unloading 1 Unused Serialized files (Serialized files now loaded: 579)
Couldn't find a Game Manager, make sure one exists in the scene.
UnloadTime: 10.205500 ms
Loaded saved language code 'EN'
Restored language code 'EN'
Unloading 73 unused Assets to reduce memory usage. Loaded Objects now: 66314.
Total: 70.838100 ms (FindLiveObjects: 9.972600 ms CreateObjectMapping: 8.438300 ms MarkObjects: 52.057100 ms  DeleteObjects: 0.369700 ms)

MenuButton missing flashEffect!
Making UI menu lean.
Only custom filters can be played. Please add a custom filter or an audioclip to the audiosource (Audio Player Actor Distant V2(Clone)).
Only custom filters can be played. Please add a custom filter or an audioclip to the audiosource (Audio Player Actor Distant V2(Clone)).
Only custom filters can be played. Please add a custom filter or an audioclip to the audiosource (Audio Player Actor Distant V2(Clone)).
Unloading 3 Unused Serialized files (Serialized files now loaded: 582)
Unloading 107 unused Assets to reduce memory usage. Loaded Objects now: 119709.
Total: 103.128900 ms (FindLiveObjects: 11.010500 ms CreateObjectMapping: 14.408700 ms MarkObjects: 76.717700 ms  DeleteObjects: 0.991800 ms)

Converting Vertex Colors from Color32 to Color.
Converting Vertex Colors from Color32 to Color.
Converting Vertex Colors from Color32 to Color.
Could Not Create Action: : Behaviour: Sing:  (Maybe the script was removed?)
Attempting to set `time` on an audio source that has a resource assigned that is not a clip is ignored!
Can not play a disabled audio source
Can not play a disabled audio source
Can not play a disabled audio source
Can not play a disabled audio source
Can not play a disabled audio source
Can not play a disabled audio source
Can not play a disabled audio source
Can not play a disabled audio source
Can not play a disabled audio source
Can not play a disabled audio source
Can not play a disabled audio source
Can not play a disabled audio source
Can not play a disabled audio source
Can not play a disabled audio source
Can not play a disabled audio source
Can not play a disabled audio source
Can not play a disabled audio source
Can not play a disabled audio source
Can not play a disabled audio source
Unloading 1 Unused Serialized files (Serialized files now loaded: 594)
Unloading 5710 unused Assets to reduce memory usage. Loaded Objects now: 146762.
Total: 125.667700 ms (FindLiveObjects: 16.735500 ms CreateObjectMapping: 10.177300 ms MarkObjects: 83.089000 ms  DeleteObjects: 15.665500 ms)

Unloading 1 Unused Serialized files (Serialized files now loaded: 597)
UnloadTime: 10.331300 ms
Unloading 6362 unused Assets to reduce memory usage. Loaded Objects now: 140398.
Total: 152.683800 ms (FindLiveObjects: 16.003700 ms CreateObjectMapping: 11.174400 ms MarkObjects: 89.035200 ms  DeleteObjects: 36.470000 ms)

Unloading 0 Unused Serialized files (Serialized files now loaded: 525)
Unloading 6883 unused Assets to reduce memory usage. Loaded Objects now: 26409.
Total: 80.491400 ms (FindLiveObjects: 2.448900 ms CreateObjectMapping: 4.138500 ms MarkObjects: 58.339800 ms  DeleteObjects: 15.563900 ms)

Unloading 1 Unused Serialized files (Serialized files now loaded: 577)
UnloadTime: 1.032200 ms
Loaded saved language code 'EN'
Restored language code 'EN'
Unloading 56 unused Assets to reduce memory usage. Loaded Objects now: 71657.
Total: 70.622800 ms (FindLiveObjects: 6.856100 ms CreateObjectMapping: 6.227300 ms MarkObjects: 57.330700 ms  DeleteObjects: 0.208300 ms)

Unloading 1 Unused Serialized files (Serialized files now loaded: 575)
Unloading 5609 unused Assets to reduce memory usage. Loaded Objects now: 66032.
Total: 66.306400 ms (FindLiveObjects: 5.694500 ms CreateObjectMapping: 7.353700 ms MarkObjects: 40.721100 ms  DeleteObjects: 12.536600 ms)

MenuButton missing flashEffect!
Making UI menu lean.
Only custom filters can be played. Please add a custom filter or an audioclip to the audiosource (Audio Player Actor Distant V2(Clone)).
Only custom filters can be played. Please add a custom filter or an audioclip to the audiosource (Audio Player Actor Distant V2(Clone)).
Only custom filters can be played. Please add a custom filter or an audioclip to the audiosource (Audio Player Actor Distant V2(Clone)).
Unloading 1 Unused Serialized files (Serialized files now loaded: 582)
Unloading 112 unused Assets to reduce memory usage. Loaded Objects now: 118831.
Total: 109.412300 ms (FindLiveObjects: 10.629000 ms CreateObjectMapping: 10.005900 ms MarkObjects: 87.878700 ms  DeleteObjects: 0.898500 ms)

Converting Vertex Colors from Color32 to Color.
Converting Vertex Colors from Color32 to Color.
Converting Vertex Colors from Color32 to Color.
Could Not Create Action: : Behaviour: Sing:  (Maybe the script was removed?)
Attempting to set `time` on an audio source that has a resource assigned that is not a clip is ignored!
Can not play a disabled audio source
Can not play a disabled audio source
Can not play a disabled audio source
Can not play a disabled audio source
Can not play a disabled audio source
Can not play a disabled audio source
Can not play a disabled audio source
Can not play a disabled audio source
Can not play a disabled audio source
Can not play a disabled audio source
Can not play a disabled audio source
Can not play a disabled audio source
Can not play a disabled audio source
Can not play a disabled audio source
Can not play a disabled audio source
Can not play a disabled audio source
Can not play a disabled audio source
Can not play a disabled audio source
Can not play a disabled audio source
Can not play a disabled audio source
Can not play a disabled audio source
Can not play a disabled audio source
Can not play a disabled audio source
Can not play a disabled audio source
Can not play a disabled audio source
Can not play a disabled audio source
Can not play a disabled audio source
Can not play a disabled audio source
Can not play a disabled audio source
Can not play a disabled audio source
Can not play a disabled audio source
Can not play a disabled audio source
Can not play a disabled audio source
Can not play a disabled audio source
Can not play a disabled audio source
Can not play a disabled audio source
Can not play a disabled audio source
Can not play a disabled audio source
Can not play a disabled audio source
Unloading 1 Unused Serialized files (Serialized files now loaded: 594)
Unloading 4600 unused Assets to reduce memory usage. Loaded Objects now: 147516.
Total: 149.816300 ms (FindLiveObjects: 14.739000 ms CreateObjectMapping: 12.261000 ms MarkObjects: 108.478000 ms  DeleteObjects: 14.338000 ms)

Unable to retrieve achievement state for EVA_FINAL_QUEST, because Steam is not initialized
Unable to unlock achievement EVA_FINAL_QUEST, because Steam is not initialized
Cannot set the parent of the GameObject 'Unalert Range' while activating or deactivating the parent GameObject 'Roof Crab'.
Can not play a disabled audio source
Can not play a disabled audio source
Cannot set the parent of the GameObject 'Unalert Range' while activating or deactivating the parent GameObject 'Roof Crab'.
Next area display "Next Area Right (2)" in "Arborium" did not have map scene parent.
Next area display "Next Area Right (2)" in "Arborium" did not have map scene parent.
Unloading 1 Unused Serialized files (Serialized files now loaded: 574)
Unloading 10170 unused Assets to reduce memory usage. Loaded Objects now: 144288.
Total: 329.681100 ms (FindLiveObjects: 21.355200 ms CreateObjectMapping: 14.578200 ms MarkObjects: 161.714800 ms  DeleteObjects: 132.032500 ms)

Cannot set the parent of the GameObject 'Unalert Range' while activating or deactivating the parent GameObject 'Roof Crab'.
Unloading 1 Unused Serialized files (Serialized files now loaded: 577)
Unloading 7578 unused Assets to reduce memory usage. Loaded Objects now: 146654.
Total: 169.017600 ms (FindLiveObjects: 15.719700 ms CreateObjectMapping: 10.719700 ms MarkObjects: 85.584300 ms  DeleteObjects: 56.993600 ms)

Unloading 1 Unused Serialized files (Serialized files now loaded: 593)
UnloadTime: 7.375400 ms
Unloading 3069 unused Assets to reduce memory usage. Loaded Objects now: 140932.
Total: 132.215700 ms (FindLiveObjects: 17.317100 ms CreateObjectMapping: 8.727900 ms MarkObjects: 99.194800 ms  DeleteObjects: 6.975600 ms)

Unexpected timestamp values detected. This can occur in H.264 videos not encoded with the baseline profile. Timestamps will be skewed to correct the playback for archive:/CAB-965c2a5f50b73f63c5ea1427a8f3d5b1/CAB-965c2a5f50b73f63c5ea1427a8f3d5b1.resource
Unloading 2 Unused Serialized files (Serialized files now loaded: 584)
Unloading 57 unused Assets to reduce memory usage. Loaded Objects now: 150602.
Total: 107.403100 ms (FindLiveObjects: 14.159000 ms CreateObjectMapping: 9.021000 ms MarkObjects: 83.526300 ms  DeleteObjects: 0.696500 ms)

Can not play a disabled audio source
Can not play a disabled audio source
Can not play a disabled audio source
Can not play a disabled audio source
Can not play a disabled audio source
Can not play a disabled audio source
Can not play a disabled audio source
Can not play a disabled audio source
Cannot use 'linearVelocity' on a static body.
Started loading clips for Bone Record Bone_East_14
Started loading clips for Bone Record Greymoor_flooded_corridor
Started loading clips for Bone Record Understore_Map_Room
Started loading clips for Bone Record Wisp Top
Started loading clips for Weaver Totem Bonetown_upper_room
Started loading clips for Weaver Totem Witch
Started loading clips for Weaver Totem Slab_Bottom
Started loading clips for Seal Chit Aspid_01
Started loading clips for Seal Chit Ward Corpse
Started loading clips for Seal Chit City Merchant
Started loading clips for Seal Chit Silk Siphon
Started loading clips for Weaver Record Weave_08
Started loading clips for Weaver Record Sprint_Challenge
Started loading clips for Weaver Record Conductor
Started loading clips for Ancient Egg Abyss Middle
Started loading clips for Psalm Cylinder Librarian
Started loading clips for Psalm Cylinder Ward
Started loading clips for Psalm Cylinder Hang
Started loading clips for Psalm Cylinder Grindle
Started loading clips for Psalm Cylinder Library Roof
Started loading clips for Librarian Melody Cylinder
Finished loading gramaphone clip for Psalm Cylinder Librarian
Finished loading gramaphone clip for Psalm Cylinder Ward
Finished loading gramaphone clip for Psalm Cylinder Hang
Finished loading gramaphone clip for Psalm Cylinder Grindle
Finished loading gramaphone clip for Psalm Cylinder Library Roof
Finished loading gramaphone clip for Librarian Melody Cylinder
Finished loading needolin clip for Librarian Melody Cylinder
Unable to retrieve achievement state for BELLHOME, because Steam is not initialized
Next area display "Next Area Right (2)" in "Arborium" did not have map scene parent.
Next area display "Next Area Right (2)" in "Arborium" did not have map scene parent.
Next area display "Next Area Right (2)" in "Arborium" did not have map scene parent.
Next area display "Next Area Right (2)" in "Arborium" did not have map scene parent.
Attempting to get `timeSamples` on an audio source that has a resource assigned that is not a clip is ignored!
Attempting to set `timeSamples` on an audio source that has a resource assigned that is not a clip is ignored!
Attempting to get `timeSamples` on an audio source that has a resource assigned that is not a clip is ignored!
Attempting to set `timeSamples` on an audio source that has a resource assigned that is not a clip is ignored!
Freed clips for Bone Record Bone_East_14
Freed clips for Bone Record Greymoor_flooded_corridor
Freed clips for Bone Record Understore_Map_Room
Freed clips for Bone Record Wisp Top
Freed clips for Weaver Totem Bonetown_upper_room
Freed clips for Weaver Totem Witch
Freed clips for Weaver Totem Slab_Bottom
Freed clips for Seal Chit Aspid_01
Freed clips for Seal Chit Ward Corpse
Freed clips for Seal Chit City Merchant
Freed clips for Seal Chit Silk Siphon
Freed clips for Weaver Record Weave_08
Freed clips for Weaver Record Sprint_Challenge
Freed clips for Weaver Record Conductor
Freed clips for Ancient Egg Abyss Middle
Freed clips for Psalm Cylinder Librarian
Freed clips for Psalm Cylinder Ward
Freed clips for Psalm Cylinder Hang
Freed clips for Psalm Cylinder Grindle
Freed clips for Psalm Cylinder Library Roof
Freed clips for Librarian Melody Cylinder
Can not play a disabled audio source
Can not play a disabled audio source
Can not play a disabled audio source
Unloading 1 Unused Serialized files (Serialized files now loaded: 643)
UnloadTime: 10.098500 ms
Unexpected timestamp values detected. This can occur in H.264 videos not encoded with the baseline profile. Timestamps will be skewed to correct the playback for archive:/CAB-965c2a5f50b73f63c5ea1427a8f3d5b1/CAB-965c2a5f50b73f63c5ea1427a8f3d5b1.resource
Unloading 6910 unused Assets to reduce memory usage. Loaded Objects now: 141105.
Total: 166.742500 ms (FindLiveObjects: 16.598700 ms CreateObjectMapping: 11.673100 ms MarkObjects: 109.084700 ms  DeleteObjects: 29.385700 ms)

Unloading 1 Unused Serialized files (Serialized files now loaded: 591)
Unloading 69 unused Assets to reduce memory usage. Loaded Objects now: 152308.
Total: 118.721600 ms (FindLiveObjects: 14.940000 ms CreateObjectMapping: 8.813600 ms MarkObjects: 93.535400 ms  DeleteObjects: 1.432200 ms)

Unloading 1 Unused Serialized files (Serialized files now loaded: 592)
Scene Manager missing from scene Bone_05
Scene Manager missing from scene Bone_05
UnloadTime: 11.659000 ms
Unexpected timestamp values detected. This can occur in H.264 videos not encoded with the baseline profile. Timestamps will be skewed to correct the playback for archive:/CAB-965c2a5f50b73f63c5ea1427a8f3d5b1/CAB-965c2a5f50b73f63c5ea1427a8f3d5b1.resource
Unloading 3376 unused Assets to reduce memory usage. Loaded Objects now: 142824.
Total: 143.388900 ms (FindLiveObjects: 16.918900 ms CreateObjectMapping: 12.759000 ms MarkObjects: 106.865800 ms  DeleteObjects: 6.844800 ms)

Unloading 1 Unused Serialized files (Serialized files now loaded: 574)
Unloading 60 unused Assets to reduce memory usage. Loaded Objects now: 148558.
Total: 130.047000 ms (FindLiveObjects: 14.385700 ms CreateObjectMapping: 9.294900 ms MarkObjects: 104.295200 ms  DeleteObjects: 2.070500 ms)

Unloading 1 Unused Serialized files (Serialized files now loaded: 592)
Scene Manager missing from scene Bellway_01
UnloadTime: 7.506200 ms
Unexpected timestamp values detected. This can occur in H.264 videos not encoded with the baseline profile. Timestamps will be skewed to correct the playback for archive:/CAB-965c2a5f50b73f63c5ea1427a8f3d5b1/CAB-965c2a5f50b73f63c5ea1427a8f3d5b1.resource
Unloading 3018 unused Assets to reduce memory usage. Loaded Objects now: 142874.
Total: 123.899000 ms (FindLiveObjects: 17.721300 ms CreateObjectMapping: 11.598100 ms MarkObjects: 88.185500 ms  DeleteObjects: 6.393800 ms)

Unloading 1 Unused Serialized files (Serialized files now loaded: 604)
Unloading 44 unused Assets to reduce memory usage. Loaded Objects now: 151534.
Total: 124.735600 ms (FindLiveObjects: 14.518900 ms CreateObjectMapping: 9.195500 ms MarkObjects: 100.705600 ms  DeleteObjects: 0.315100 ms)

Coroutine couldn't be started because the the game object 'Camera Wind Region' is inactive!
Coroutine couldn't be started because the the game object 'Camera Wind Region' is inactive!
Unloading 1 Unused Serialized files (Serialized files now loaded: 606)
Scene Manager missing from scene Bellway_08
Scene Manager missing from scene Bellway_08
Scene Manager missing from scene Bellway_08
UnloadTime: 7.447600 ms
Unloading 6000 unused Assets to reduce memory usage. Loaded Objects now: 142253.
Total: 128.467500 ms (FindLiveObjects: 14.337900 ms CreateObjectMapping: 9.659600 ms MarkObjects: 80.140800 ms  DeleteObjects: 24.328800 ms)

Inactive coroutines were cleared: 1
Unloading 0 Unused Serialized files (Serialized files now loaded: 549)
Unloading 6891 unused Assets to reduce memory usage. Loaded Objects now: 27275.
Total: 79.518700 ms (FindLiveObjects: 2.988000 ms CreateObjectMapping: 4.363300 ms MarkObjects: 58.302300 ms  DeleteObjects: 13.864700 ms)

Unloading 1 Unused Serialized files (Serialized files now loaded: 596)
UnloadTime: 0.490700 ms
Loaded saved language code 'EN'
Restored language code 'EN'
Unloading 96 unused Assets to reduce memory usage. Loaded Objects now: 72457.
Total: 70.003100 ms (FindLiveObjects: 6.525300 ms CreateObjectMapping: 6.353300 ms MarkObjects: 56.025100 ms  DeleteObjects: 1.099100 ms)

Unloading 1 Unused Serialized files (Serialized files now loaded: 594)
Unloading 5611 unused Assets to reduce memory usage. Loaded Objects now: 66830.
Total: 69.015300 ms (FindLiveObjects: 6.122200 ms CreateObjectMapping: 6.219800 ms MarkObjects: 43.433900 ms  DeleteObjects: 13.238900 ms)

[Physics::Module] Cleanup current backned.
[Physics::Module] Id: 0xf2b8ea05
Input System module state changed to: ShutdownInProgress.
Input System polling thread exited.
Input System module state changed to: Shutdown.
