Mono path[0] = 'F:/Games/AdventureGames/Hollow-Knight-Silksong/Hollow Knight Silksong/Hollow Knight Silksong_Data/Managed'
Mono config path = 'F:/Games/AdventureGames/Hollow-Knight-Silksong/Hollow Knight Silksong/MonoBleedingEdge/etc'
Input System module state changed to: Initialized.
[Physics::Module] Initialized fallback backend.
[Physics::Module] Id: 0xdecafbad
Initialize engine version: 6000.0.50f1-uum-100966-branch1 (16f07294548e)
[Subsystems] Discovering subsystems at path F:/Games/AdventureGames/Hollow-Knight-Silksong/Hollow Knight Silksong/Hollow Knight Silksong_Data/UnitySubsystems
GfxDevice: creating device client; kGfxThreadingModeThreaded
Direct3D:
    Version:  Direct3D 11.0 [level 11.0]
    Renderer: NVIDIA GeForce GTX 750 Ti (ID=0x1380)
    Vendor:   NVIDIA
    VRAM:     1999 MB
    Driver:   32.0.15.6094
Begin MonoManager ReloadAssembly
- Loaded All Assemblies, in  0.092 seconds
- Finished resetting the current domain, in  0.003 seconds
[Physics::Module] Selected backend.
[Physics::Module] Name: PhysX
[Physics::Module] Id: 0xf2b8ea05
[Physics::Module] SDK Version: 4.1.2
[Physics::Module] Integration Version: 1.0.0
[Physics::Module] Threading Mode: Multi-Threaded
<RI> Initializing input.
Using Windows.Gaming.Input
<RI> Input initialized.
<RI> Initialized touch support.
UnloadTime: 0.536200 ms
No online subsystems packaged.
Unloading 5 Unused Serialized files (Serialized files now loaded: 528)
UnloadTime: 1.427000 ms
Discovered supported languages: DE, EN, ES, FR, IT, JA, KO, PT, RU, ZH
Loaded saved language code 'EN'
Restored language code 'EN'
Couldn't find a Game Manager, make sure one exists in the scene.
Couldn't find GameCameras, make sure one exists in the scene.
Unloading 53 unused Assets to reduce memory usage. Loaded Objects now: 6528.
Total: 9.862800 ms (FindLiveObjects: 0.658400 ms CreateObjectMapping: 0.802800 ms MarkObjects: 8.335900 ms  DeleteObjects: 0.061200 ms)

Unloading 2 Unused Serialized files (Serialized files now loaded: 528)
Unloading 1 unused Assets to reduce memory usage. Loaded Objects now: 13748.
Total: 8.607000 ms (FindLiveObjects: 0.982600 ms CreateObjectMapping: 0.648700 ms MarkObjects: 6.904400 ms  DeleteObjects: 0.070800 ms)

Unloading 1 Unused Serialized files (Serialized files now loaded: 582)
Couldn't find GameCameras, make sure one exists in the scene.
Couldn't find a Game Manager, make sure one exists in the scene.
UnloadTime: 9.489400 ms
Loaded saved language code 'EN'
Restored language code 'EN'
Unloading 73 unused Assets to reduce memory usage. Loaded Objects now: 67446.
Total: 49.026500 ms (FindLiveObjects: 5.957300 ms CreateObjectMapping: 5.699300 ms MarkObjects: 37.008100 ms  DeleteObjects: 0.361500 ms)

MenuButton missing flashEffect!
Making UI menu lean.
Only custom filters can be played. Please add a custom filter or an audioclip to the audiosource (Audio Player Actor Distant V2(Clone)).
Only custom filters can be played. Please add a custom filter or an audioclip to the audiosource (Audio Player Actor Distant V2(Clone)).
Only custom filters can be played. Please add a custom filter or an audioclip to the audiosource (Audio Player Actor Distant V2(Clone)).
Unloading 3 Unused Serialized files (Serialized files now loaded: 599)
Unloading 338 unused Assets to reduce memory usage. Loaded Objects now: 120301.
Total: 96.425900 ms (FindLiveObjects: 10.774300 ms CreateObjectMapping: 10.934100 ms MarkObjects: 73.317100 ms  DeleteObjects: 1.400100 ms)

Converting Vertex Colors from Color32 to Color.
Converting Vertex Colors from Color32 to Color.
Converting Vertex Colors from Color32 to Color.
Text Type (TextMeshUpdateMinHeight) Setting height to 0.63 for ﺩﺮﺘﺳﺍ
Text Type (TextMeshUpdateMinHeight) Setting height to 0.63 for ﺩﺮﺘﺳﺍ
Text Type (TextMeshUpdateMinHeight) Setting height to 0.63 for ﺩﺮﺘﺳﺍ
Unloading 1 Unused Serialized files (Serialized files now loaded: 626)
Unloading 3756 unused Assets to reduce memory usage. Loaded Objects now: 149037.
Total: 155.403500 ms (FindLiveObjects: 18.159500 ms CreateObjectMapping: 16.232300 ms MarkObjects: 107.610900 ms  DeleteObjects: 13.400500 ms)

Unloading 1 Unused Serialized files (Serialized files now loaded: 632)
UnloadTime: 11.263800 ms
Unloading 4054 unused Assets to reduce memory usage. Loaded Objects now: 139154.
Total: 138.386000 ms (FindLiveObjects: 14.909100 ms CreateObjectMapping: 10.818700 ms MarkObjects: 97.018000 ms  DeleteObjects: 15.639900 ms)

Unexpected timestamp values detected. This can occur in H.264 videos not encoded with the baseline profile. Timestamps will be skewed to correct the playback for archive:/CAB-965c2a5f50b73f63c5ea1427a8f3d5b1/CAB-965c2a5f50b73f63c5ea1427a8f3d5b1.resource
Unloading 2 Unused Serialized files (Serialized files now loaded: 620)
Unloading 70 unused Assets to reduce memory usage. Loaded Objects now: 149469.
Total: 112.254300 ms (FindLiveObjects: 13.989700 ms CreateObjectMapping: 10.216100 ms MarkObjects: 87.419400 ms  DeleteObjects: 0.628800 ms)

Can not play a disabled audio source
Can not play a disabled audio source
Can not play a disabled audio source
Can not play a disabled audio source
Only custom filters can be played. Please add a custom filter or an audioclip to the audiosource (heartbeat_audio).
Only custom filters can be played. Please add a custom filter or an audioclip to the audiosource (heartbeat_audio).
Only custom filters can be played. Please add a custom filter or an audioclip to the audiosource (heartbeat_audio).
Can not play a disabled audio source
Can not play a disabled audio source
Can not play a disabled audio source
Can not play a disabled audio source
Can not play a disabled audio source
Unloading 1 Unused Serialized files (Serialized files now loaded: 630)
Unloading 3076 unused Assets to reduce memory usage. Loaded Objects now: 152001.
Total: 166.518900 ms (FindLiveObjects: 18.111500 ms CreateObjectMapping: 10.763200 ms MarkObjects: 112.040300 ms  DeleteObjects: 25.603500 ms)

Unloading 1 Unused Serialized files (Serialized files now loaded: 636)
UnloadTime: 9.072600 ms
Unloading 3813 unused Assets to reduce memory usage. Loaded Objects now: 142129.
Total: 123.331200 ms (FindLiveObjects: 15.512500 ms CreateObjectMapping: 10.592400 ms MarkObjects: 87.814300 ms  DeleteObjects: 9.411500 ms)

Unexpected timestamp values detected. This can occur in H.264 videos not encoded with the baseline profile. Timestamps will be skewed to correct the playback for archive:/CAB-965c2a5f50b73f63c5ea1427a8f3d5b1/CAB-965c2a5f50b73f63c5ea1427a8f3d5b1.resource
Unloading 1 Unused Serialized files (Serialized files now loaded: 589)
Unloading 50 unused Assets to reduce memory usage. Loaded Objects now: 149832.
Total: 112.691000 ms (FindLiveObjects: 13.875900 ms CreateObjectMapping: 10.073600 ms MarkObjects: 87.397400 ms  DeleteObjects: 1.343500 ms)

Coroutine couldn't be started because the the game object 'Farmer Catcher (3)' is inactive!
Cannot set the parent of the GameObject 'Air Blow Region Updraft(Clone)' while activating or deactivating the parent GameObject 'Updraft Region'.
Cannot set the parent of the GameObject 'RetreatAway Range' while activating or deactivating the parent GameObject 'Crowman (1)'.
Cannot set the parent of the GameObject 'RetreatAway Point' while activating or deactivating the parent GameObject 'Crowman (1)'.
Only custom filters can be played. Please add a custom filter or an audioclip to the audiosource (Audio Player Actor Distant V2(Clone)).
Cannot use 'linearVelocity' on a static body.
Next area display "Next Area Right (2)" in "Arborium" did not have map scene parent.
Delayed playback via the optional argument of Play is deprecated. Use PlayDelayed instead!
Only custom filters can be played. Please add a custom filter or an audioclip to the audiosource (Audio Player Actor Infinite Range(Clone)).
Unloading 1 Unused Serialized files (Serialized files now loaded: 618)
Unloading 8677 unused Assets to reduce memory usage. Loaded Objects now: 149007.
Total: 198.174400 ms (FindLiveObjects: 14.997800 ms CreateObjectMapping: 11.349300 ms MarkObjects: 89.545000 ms  DeleteObjects: 82.282000 ms)

Delayed playback via the optional argument of Play is deprecated. Use PlayDelayed instead!
Only custom filters can be played. Please add a custom filter or an audioclip to the audiosource (Audio Player Actor Infinite Range(Clone)).
Unloading 1 Unused Serialized files (Serialized files now loaded: 618)
Unloading 2706 unused Assets to reduce memory usage. Loaded Objects now: 148961.
Total: 126.972000 ms (FindLiveObjects: 14.498300 ms CreateObjectMapping: 9.422400 ms MarkObjects: 89.068100 ms  DeleteObjects: 13.982900 ms)

Delayed playback via the optional argument of Play is deprecated. Use PlayDelayed instead!
Only custom filters can be played. Please add a custom filter or an audioclip to the audiosource (Audio Player Actor Infinite Range(Clone)).
Next area display "Next Area Right (2)" in "Arborium" did not have map scene parent.
Hazard Respawn Trigger v2 (3) does not have a Hazard Respawn Marker Set
Unloading 1 Unused Serialized files (Serialized files now loaded: 608)
Unloading 2659 unused Assets to reduce memory usage. Loaded Objects now: 149266.
Total: 130.259100 ms (FindLiveObjects: 15.076700 ms CreateObjectMapping: 10.099400 ms MarkObjects: 90.660600 ms  DeleteObjects: 14.421800 ms)

Delayed playback via the optional argument of Play is deprecated. Use PlayDelayed instead!
Unloading 1 Unused Serialized files (Serialized files now loaded: 608)
Unloading 2117 unused Assets to reduce memory usage. Loaded Objects now: 149982.
Total: 127.680500 ms (FindLiveObjects: 14.478500 ms CreateObjectMapping: 10.532400 ms MarkObjects: 93.366500 ms  DeleteObjects: 9.302600 ms)

Only custom filters can be played. Please add a custom filter or an audioclip to the audiosource (Audio Player Actor Distant V2(Clone)).
Delayed playback via the optional argument of Play is deprecated. Use PlayDelayed instead!
Next area display "Next Area Right (2)" in "Arborium" did not have map scene parent.
Hazard Respawn Trigger v2 (3) does not have a Hazard Respawn Marker Set
Text Type (TextMeshUpdateMinHeight) Setting height to 0.63 for ﺩﺮﺘﺳﺍ
Text Type (TextMeshUpdateMinHeight) Setting height to 0.63 for ﺩﺮﺘﺳﺍ
Text Type (TextMeshUpdateMinHeight) Setting height to 0.63 for ﺩﺮﺘﺳﺍ
Text Type (TextMeshUpdateMinHeight) Setting height to 0.63 for ﺩﺮﺘﺳﺍ
Text Type (TextMeshUpdateMinHeight) Setting height to 0.63 for ﺩﺮﺘﺳﺍ
Text Type (TextMeshUpdateMinHeight) Setting height to 0.63 for ﺩﺮﺘﺳﺍ
Unloading 1 Unused Serialized files (Serialized files now loaded: 611)
Unloading 3946 unused Assets to reduce memory usage. Loaded Objects now: 149343.
Total: 136.738800 ms (FindLiveObjects: 20.005400 ms CreateObjectMapping: 11.690000 ms MarkObjects: 82.672800 ms  DeleteObjects: 22.370000 ms)

Delayed playback via the optional argument of Play is deprecated. Use PlayDelayed instead!
Unloading 1 Unused Serialized files (Serialized files now loaded: 601)
Attempting to get `time` on an audio source that has a resource that is not a clip will always return 0.
Attempting to get `time` on an audio source that has a resource that is not a clip will always return 0.
UnloadTime: 24.151600 ms
Unloading 4776 unused Assets to reduce memory usage. Loaded Objects now: 140392.
Total: 114.097000 ms (FindLiveObjects: 14.461400 ms CreateObjectMapping: 9.200600 ms MarkObjects: 76.528300 ms  DeleteObjects: 13.906400 ms)

Unloading 0 Unused Serialized files (Serialized files now loaded: 526)
Unloading 6947 unused Assets to reduce memory usage. Loaded Objects now: 27367.
Total: 76.930100 ms (FindLiveObjects: 2.410000 ms CreateObjectMapping: 3.418300 ms MarkObjects: 57.434500 ms  DeleteObjects: 13.666900 ms)

Unloading 1 Unused Serialized files (Serialized files now loaded: 580)
UnloadTime: 1.057500 ms
Loaded saved language code 'EN'
Restored language code 'EN'
Unloading 89 unused Assets to reduce memory usage. Loaded Objects now: 73272.
Total: 77.512500 ms (FindLiveObjects: 5.962400 ms CreateObjectMapping: 6.454200 ms MarkObjects: 63.748400 ms  DeleteObjects: 1.347300 ms)

Unloading 1 Unused Serialized files (Serialized files now loaded: 578)
Unloading 0 unused Assets to reduce memory usage. Loaded Objects now: 73273.
Total: 81.820900 ms (FindLiveObjects: 6.277600 ms CreateObjectMapping: 7.471700 ms MarkObjects: 67.922100 ms  DeleteObjects: 0.149300 ms)

MenuButton missing flashEffect!
Making UI menu lean.
Only custom filters can be played. Please add a custom filter or an audioclip to the audiosource (Audio Player Actor Distant V2(Clone)).
Only custom filters can be played. Please add a custom filter or an audioclip to the audiosource (Audio Player Actor Distant V2(Clone)).
Only custom filters can be played. Please add a custom filter or an audioclip to the audiosource (Audio Player Actor Distant V2(Clone)).
Unloading 1 Unused Serialized files (Serialized files now loaded: 576)
Unloading 121 unused Assets to reduce memory usage. Loaded Objects now: 115961.
Total: 104.188400 ms (FindLiveObjects: 10.108800 ms CreateObjectMapping: 10.089700 ms MarkObjects: 82.911600 ms  DeleteObjects: 1.078100 ms)

Converting Vertex Colors from Color32 to Color.
Converting Vertex Colors from Color32 to Color.
Converting Vertex Colors from Color32 to Color.
Text Type (TextMeshUpdateMinHeight) Setting height to 0.63 for ﺩﺮﺘﺳﺍ
Text Type (TextMeshUpdateMinHeight) Setting height to 0.63 for ﺩﺮﺘﺳﺍ
Text Type (TextMeshUpdateMinHeight) Setting height to 0.63 for ﺩﺮﺘﺳﺍ
Delayed playback via the optional argument of Play is deprecated. Use PlayDelayed instead!
Can not play a disabled audio source
Cannot use 'linearVelocity' on a static body.
Unloading 1 Unused Serialized files (Serialized files now loaded: 590)
Unloading 4289 unused Assets to reduce memory usage. Loaded Objects now: 148053.
Total: 122.382300 ms (FindLiveObjects: 14.887900 ms CreateObjectMapping: 9.748700 ms MarkObjects: 77.627600 ms  DeleteObjects: 20.117600 ms)

Unloading 1 Unused Serialized files (Serialized files now loaded: 607)
UnloadTime: 11.031500 ms
Unexpected timestamp values detected. This can occur in H.264 videos not encoded with the baseline profile. Timestamps will be skewed to correct the playback for archive:/CAB-965c2a5f50b73f63c5ea1427a8f3d5b1/CAB-965c2a5f50b73f63c5ea1427a8f3d5b1.resource
Unloading 3044 unused Assets to reduce memory usage. Loaded Objects now: 140270.
Total: 137.701800 ms (FindLiveObjects: 14.317400 ms CreateObjectMapping: 10.220800 ms MarkObjects: 103.270700 ms  DeleteObjects: 9.892600 ms)

Unloading 1 Unused Serialized files (Serialized files now loaded: 597)
Unloading 23 unused Assets to reduce memory usage. Loaded Objects now: 150093.
Total: 107.534900 ms (FindLiveObjects: 14.696400 ms CreateObjectMapping: 9.901100 ms MarkObjects: 82.678000 ms  DeleteObjects: 0.259000 ms)

Can not play a disabled audio source
Can not play a disabled audio source
Can not play a disabled audio source
Can not play a disabled audio source
Can not play a disabled audio source
Can not play a disabled audio source
Can not play a disabled audio source
Only custom filters can be played. Please add a custom filter or an audioclip to the audiosource (heartbeat_audio).
Only custom filters can be played. Please add a custom filter or an audioclip to the audiosource (heartbeat_audio).
Can not play a disabled audio source
Started loading clips for Bone Record Bone_East_14
Started loading clips for Bone Record Greymoor_flooded_corridor
Started loading clips for Bone Record Understore_Map_Room
Started loading clips for Bone Record Wisp Top
Started loading clips for Weaver Totem Bonetown_upper_room
Started loading clips for Weaver Totem Witch
Started loading clips for Weaver Totem Slab_Bottom
Started loading clips for Seal Chit Aspid_01
Started loading clips for Seal Chit Ward Corpse
Started loading clips for Seal Chit City Merchant
Started loading clips for Seal Chit Silk Siphon
Started loading clips for Weaver Record Weave_08
Started loading clips for Weaver Record Sprint_Challenge
Started loading clips for Weaver Record Conductor
Started loading clips for Ancient Egg Abyss Middle
Started loading clips for Psalm Cylinder Librarian
Started loading clips for Psalm Cylinder Ward
Started loading clips for Psalm Cylinder Hang
Started loading clips for Psalm Cylinder Grindle
Started loading clips for Psalm Cylinder Library Roof
Started loading clips for Librarian Melody Cylinder
Finished loading gramaphone clip for Psalm Cylinder Librarian
Finished loading gramaphone clip for Psalm Cylinder Ward
Finished loading gramaphone clip for Psalm Cylinder Hang
Finished loading gramaphone clip for Psalm Cylinder Grindle
Finished loading gramaphone clip for Psalm Cylinder Library Roof
Finished loading gramaphone clip for Librarian Melody Cylinder
Finished loading needolin clip for Librarian Melody Cylinder
Freed clips for Bone Record Bone_East_14
Freed clips for Bone Record Greymoor_flooded_corridor
Freed clips for Bone Record Understore_Map_Room
Freed clips for Bone Record Wisp Top
Freed clips for Weaver Totem Bonetown_upper_room
Freed clips for Weaver Totem Witch
Freed clips for Weaver Totem Slab_Bottom
Freed clips for Seal Chit Aspid_01
Freed clips for Seal Chit Ward Corpse
Freed clips for Seal Chit City Merchant
Freed clips for Seal Chit Silk Siphon
Freed clips for Weaver Record Weave_08
Freed clips for Weaver Record Sprint_Challenge
Freed clips for Weaver Record Conductor
Freed clips for Ancient Egg Abyss Middle
Freed clips for Psalm Cylinder Librarian
Freed clips for Psalm Cylinder Ward
Freed clips for Psalm Cylinder Hang
Freed clips for Psalm Cylinder Grindle
Freed clips for Psalm Cylinder Library Roof
Freed clips for Librarian Melody Cylinder
Can not play a disabled audio source
Can not play a disabled audio source
Can not play a disabled audio source
Unloading 1 Unused Serialized files (Serialized files now loaded: 631)
UnloadTime: 15.130300 ms
Unloading 6969 unused Assets to reduce memory usage. Loaded Objects now: 139996.
Total: 162.819900 ms (FindLiveObjects: 16.022800 ms CreateObjectMapping: 10.726700 ms MarkObjects: 100.868200 ms  DeleteObjects: 35.201900 ms)

Unloading 0 Unused Serialized files (Serialized files now loaded: 526)
Unloading 6929 unused Assets to reduce memory usage. Loaded Objects now: 27475.
Total: 75.348700 ms (FindLiveObjects: 2.514600 ms CreateObjectMapping: 5.161500 ms MarkObjects: 53.445400 ms  DeleteObjects: 14.226900 ms)

Unloading 1 Unused Serialized files (Serialized files now loaded: 580)
UnloadTime: 0.487800 ms
Loaded saved language code 'EN'
Restored language code 'EN'
Unloading 55 unused Assets to reduce memory usage. Loaded Objects now: 73490.
Total: 83.112500 ms (FindLiveObjects: 6.609800 ms CreateObjectMapping: 7.211900 ms MarkObjects: 69.087400 ms  DeleteObjects: 0.203000 ms)

Unloading 1 Unused Serialized files (Serialized files now loaded: 578)
Unloading 0 unused Assets to reduce memory usage. Loaded Objects now: 73491.
Total: 83.122800 ms (FindLiveObjects: 6.386700 ms CreateObjectMapping: 7.233300 ms MarkObjects: 69.362500 ms  DeleteObjects: 0.139700 ms)

[Physics::Module] Cleanup current backned.
[Physics::Module] Id: 0xf2b8ea05
Input System module state changed to: ShutdownInProgress.
Input System polling thread exited.
Input System module state changed to: Shutdown.
