[Physics::Module] Initialized MultithreadedJobDispatcher with 3 workers.
Initialize engine version: 2023.2.22f1 (6b19bf4f8115)
[Subsystems] Discovering subsystems at path D:/Games/FightingGames/Megabonk.v1.0.18/Megabonk.v1.0.18/Megabonk.v1.0.18/Megabonk_Data/UnitySubsystems
kGfxThreadingModeSplitJobs is not supported on Direct3D 11. Reverting to kGfxThreadingModeClientWorkerJobs instead.
GfxDevice: creating device client; kGfxThreadingModeClientWorkerJobs
Direct3D:
    Version:  Direct3D 11.0 [level 11.0]
    Renderer: NVIDIA GeForce GTX 750 Ti (ID=0x1380)
    Vendor:   NVIDIA
    VRAM:     1999 MB
    Driver:   32.0.15.6094
<RI> Initializing input.
<RI> Input initialized.
<RI> Initialized touch support.
UnloadTime: 0.589100 ms
Unloading 6 Unused Serialized files (Serialized files now loaded: 3)
UnloadTime: 0.624200 ms
Rewired save path set to: C:/Users/Omar Tef/AppData/LocalLow/Ved/Megabonk\Saves\CloudDir\69\controller_config.json
UnityEngine.DebugLogHandler:Internal_Log(LogType, LogOption, String, Object)
UnityEngine.Logger:Log(LogType, Object)
UnityEngine.Debug:Log(Object)
Rewired.Data.UserDataStore_File:OnInitialize()
Rewired.ReInput:FCtdvICrQuxSXlSRdnjaCOBvCvuS(InputManager_Base, Func`2, ConfigVars, ControllerDataFiles, UserData, Func`1, Action`1, Action`1)
Rewired.InputManager_Base:JuanJwxCSEdCpEyDivLkYBNFSMNr()

Steam initialized
UnityEngine.DebugLogHandler:Internal_Log(LogType, LogOption, String, Object)
UnityEngine.Logger:Log(LogType, Object)
UnityEngine.Debug:Log(Object)
AlwaysManager:Awake()

Rewired save path set to: C:/Users/Omar Tef/AppData/LocalLow/Ved/Megabonk\Saves\CloudDir\76561197960287777\controller_config.json
UnityEngine.DebugLogHandler:Internal_Log(LogType, LogOption, String, Object)
UnityEngine.Logger:Log(LogType, Object)
UnityEngine.Debug:Log(Object)
MyInputManager:OnSavesLoaded()
SaveManager:Load(UInt64, Boolean, String&, String&)
SaveManager:Load(Boolean)

Unloading 5 unused Assets to reduce memory usage. Loaded Objects now: 19679.
Total: 20.480300 ms (FindLiveObjects: 1.148500 ms CreateObjectMapping: 0.661800 ms MarkObjects: 18.567100 ms  DeleteObjects: 0.102600 ms)

[FontPrewarm] Prewarmed 87 characters for en
UnityEngine.DebugLogHandler:Internal_Log(LogType, LogOption, String, Object)
UnityEngine.Logger:Log(LogType, Object)
UnityEngine.Debug:Log(Object)
LocalizationPrewarmer:PrewarmFontAsset(TMP_FontAsset, Locale)
LocalizationPrewarmer:Start()

Unloading 5 Unused Serialized files (Serialized files now loaded: 3)
UnloadTime: 23.405400 ms
Unloading 690 unused Assets to reduce memory usage. Loaded Objects now: 11067.
Total: 14.096900 ms (FindLiveObjects: 0.735200 ms CreateObjectMapping: 0.414800 ms MarkObjects: 10.749700 ms  DeleteObjects: 2.196900 ms)

Unloading 6 Unused Serialized files (Serialized files now loaded: 3)
UnloadTime: 0.378900 ms
Unloading 9 unused Assets to reduce memory usage. Loaded Objects now: 23379.
Total: 26.498900 ms (FindLiveObjects: 1.604400 ms CreateObjectMapping: 0.789400 ms MarkObjects: 23.951300 ms  DeleteObjects: 0.153500 ms)

Unloading 6 Unused Serialized files (Serialized files now loaded: 3)
UnloadTime: 41.224400 ms
Unloading 1008 unused Assets to reduce memory usage. Loaded Objects now: 23082.
Total: 45.583000 ms (FindLiveObjects: 2.296700 ms CreateObjectMapping: 1.687900 ms MarkObjects: 39.624400 ms  DeleteObjects: 1.973700 ms)

Unloading 5 Unused Serialized files (Serialized files now loaded: 3)
UnloadTime: 17.629600 ms
Unloading 147 unused Assets to reduce memory usage. Loaded Objects now: 13651.
Total: 44.817300 ms (FindLiveObjects: 1.011200 ms CreateObjectMapping: 0.964800 ms MarkObjects: 40.951800 ms  DeleteObjects: 1.888800 ms)

Unloading 6 Unused Serialized files (Serialized files now loaded: 3)
UnloadTime: 0.464300 ms
Unloading 10 unused Assets to reduce memory usage. Loaded Objects now: 23961.
Total: 40.109600 ms (FindLiveObjects: 2.559400 ms CreateObjectMapping: 1.441700 ms MarkObjects: 35.950100 ms  DeleteObjects: 0.158300 ms)

Setting up 2 worker threads for Enlighten.
Memory Statistics:
[ALLOC_TEMP_TLS] TLS Allocator
  StackAllocators : 
    [ALLOC_TEMP_MAIN]
      Peak usage frame count: [0-1.0 KB]: 94 frames, [1.0 KB-2.0 KB]: 13 frames, [4.0 KB-8.0 KB]: 14415 frames, [8.0 KB-16.0 KB]: 21112 frames, [16.0 KB-32.0 KB]: 37586 frames, [32.0 KB-64.0 KB]: 8057 frames, [64.0 KB-128.0 KB]: 504 frames, [128.0 KB-256.0 KB]: 5979 frames, [1.0 MB-2.0 MB]: 6 frames, [2.0 MB-4.0 MB]: 1 frames
      Initial Block Size 4.0 MB
      Current Block Size 4.0 MB
      Peak Allocated Bytes 2.4 MB
      Overflow Count 0
    [ALLOC_TEMP_Background Job.worker 4]
      Initial Block Size 32.0 KB
      Current Block Size 32.0 KB
      Peak Allocated Bytes 48 B
      Overflow Count 0
    [ALLOC_TEMP_Loading.PreloadManager]
      Initial Block Size 256.0 KB
      Current Block Size 0.5 MB
      Peak Allocated Bytes 383.8 KB
      Overflow Count 175
    [ALLOC_TEMP_Background Job.worker 3]
      Initial Block Size 32.0 KB
      Current Block Size 32.0 KB
      Peak Allocated Bytes 48 B
      Overflow Count 0
    [ALLOC_TEMP_Background Job.worker 11]
      Initial Block Size 32.0 KB
      Current Block Size 32.0 KB
      Peak Allocated Bytes 50 B
      Overflow Count 0
    [ALLOC_TEMP_Background Job.worker 7]
      Initial Block Size 32.0 KB
      Current Block Size 32.0 KB
      Peak Allocated Bytes 48 B
      Overflow Count 0
    [ALLOC_TEMP_Background Job.worker 6]
      Initial Block Size 32.0 KB
      Current Block Size 32.0 KB
      Peak Allocated Bytes 48 B
      Overflow Count 0
    [ALLOC_TEMP_Background Job.worker 12]
      Initial Block Size 32.0 KB
      Current Block Size 32.0 KB
      Peak Allocated Bytes 50 B
      Overflow Count 0
    [ALLOC_TEMP_Background Job.worker 2]
      Initial Block Size 32.0 KB
      Current Block Size 36.0 KB
      Peak Allocated Bytes 32.0 KB
      Overflow Count 0
    [ALLOC_TEMP_Background Job.worker 9]
      Initial Block Size 32.0 KB
      Current Block Size 32.0 KB
      Peak Allocated Bytes 48 B
      Overflow Count 0
    [ALLOC_TEMP_Job.worker 0]
      Initial Block Size 256.0 KB
      Current Block Size 256.0 KB
      Peak Allocated Bytes 130.5 KB
      Overflow Count 0
    [ALLOC_TEMP_Background Job.worker 10]
      Initial Block Size 32.0 KB
      Current Block Size 32.0 KB
      Peak Allocated Bytes 50 B
      Overflow Count 0
    [ALLOC_TEMP_Background Job.worker 8]
      Initial Block Size 32.0 KB
      Current Block Size 32.0 KB
      Peak Allocated Bytes 48 B
      Overflow Count 0
    [ALLOC_TEMP_Background Job.worker 15]
      Initial Block Size 32.0 KB
      Current Block Size 32.0 KB
      Peak Allocated Bytes 50 B
      Overflow Count 0
    [ALLOC_TEMP_Background Job.worker 1]
      Initial Block Size 32.0 KB
      Current Block Size 36.0 KB
      Peak Allocated Bytes 35.3 KB
      Overflow Count 0
    [ALLOC_TEMP_EnlightenWorker] x 2
      Initial Block Size 64.0 KB
      Current Block Size 64.0 KB
      Peak Allocated Bytes 0 B
      Overflow Count 0
    [ALLOC_TEMP_Job.worker 1]
      Initial Block Size 256.0 KB
      Current Block Size 256.0 KB
      Peak Allocated Bytes 112.3 KB
      Overflow Count 0
    [ALLOC_TEMP_Background Job.worker 13]
      Initial Block Size 32.0 KB
      Current Block Size 32.0 KB
      Peak Allocated Bytes 50 B
      Overflow Count 0
    [ALLOC_TEMP_Background Job.worker 5]
      Initial Block Size 32.0 KB
      Current Block Size 32.0 KB
      Peak Allocated Bytes 48 B
      Overflow Count 0
    [ALLOC_TEMP_UnityGfxDeviceWorker]
      Initial Block Size 256.0 KB
      Current Block Size 256.0 KB
      Peak Allocated Bytes 14.2 KB
      Overflow Count 0
    [ALLOC_TEMP_AssetGarbageCollectorHelper] x 3
      Initial Block Size 64.0 KB
      Current Block Size 64.0 KB
      Peak Allocated Bytes 56 B
      Overflow Count 0
    [ALLOC_TEMP_Job.worker 2]
      Initial Block Size 256.0 KB
      Current Block Size 256.0 KB
      Peak Allocated Bytes 108.4 KB
      Overflow Count 0
    [ALLOC_TEMP_Background Job.worker 0]
      Initial Block Size 32.0 KB
      Current Block Size 32.0 KB
      Peak Allocated Bytes 48 B
      Overflow Count 0
    [ALLOC_TEMP_Background Job.worker 14]
      Initial Block Size 32.0 KB
      Current Block Size 32.0 KB
      Peak Allocated Bytes 50 B
      Overflow Count 0
    [ALLOC_TEMP_Loading.AsyncRead]
      Initial Block Size 64.0 KB
      Current Block Size 64.0 KB
      Peak Allocated Bytes 357 B
      Overflow Count 0
    [ALLOC_TEMP_BatchDeleteObjects]
      Initial Block Size 64.0 KB
      Current Block Size 64.0 KB
      Peak Allocated Bytes 38 B
      Overflow Count 0
[ALLOC_DEFAULT] Dual Thread Allocator
  Peak main deferred allocation count 22300
    [ALLOC_BUCKET]
      Large Block size 4.0 MB
      Used Block count 1
      Peak Allocated bytes 4.0 MB
      Failed Allocations. Bucket layout:
        16B: 4 Subsections = 4096 buckets. Failed count: 1604316
        32B: 33 Subsections = 16896 buckets. Failed count: 1120288
        48B: 82 Subsections = 27989 buckets. Failed count: 1496984
        64B: 39 Subsections = 9984 buckets. Failed count: 124525
        80B: 40 Subsections = 8192 buckets. Failed count: 885703
        96B: 34 Subsections = 5802 buckets. Failed count: 60236
        112B: 18 Subsections = 2633 buckets. Failed count: 917910
        128B: 6 Subsections = 768 buckets. Failed count: 42888
    [ALLOC_DEFAULT_MAIN]
      Peak usage frame count: [32.0 MB-64.0 MB]: 57 frames, [64.0 MB-128.0 MB]: 10028 frames, [128.0 MB-256.0 MB]: 77682 frames
      Requested Block Size 16.0 MB
      Peak Block count 9
      Peak Allocated memory 152.7 MB
      Peak Large allocation bytes 22.2 MB
    [ALLOC_DEFAULT_THREAD]
      Peak usage frame count: [16.0 MB-32.0 MB]: 57 frames, [32.0 MB-64.0 MB]: 10401 frames, [64.0 MB-128.0 MB]: 77309 frames
      Requested Block Size 16.0 MB
      Peak Block count 5
      Peak Allocated memory 78.6 MB
      Peak Large allocation bytes 26.6 MB
[ALLOC_TEMP_JOB_1_FRAME]
  Initial Block Size 2.0 MB
  Used Block Count 1
  Overflow Count (too large) 0
  Overflow Count (full) 0
[ALLOC_TEMP_JOB_2_FRAMES]
  Initial Block Size 2.0 MB
  Used Block Count 0
  Overflow Count (too large) 0
  Overflow Count (full) 0
[ALLOC_TEMP_JOB_4_FRAMES (JobTemp)]
  Initial Block Size 2.0 MB
  Used Block Count 1
  Overflow Count (too large) 0
  Overflow Count (full) 0
[ALLOC_TEMP_JOB_ASYNC (Background)]
  Initial Block Size 1.0 MB
  Used Block Count 1
  Overflow Count (too large) 0
  Overflow Count (full) 0
[ALLOC_GFX] Dual Thread Allocator
  Peak main deferred allocation count 67
    [ALLOC_BUCKET]
      Large Block size 4.0 MB
      Used Block count 1
      Peak Allocated bytes 4.0 MB
      Failed Allocations. Bucket layout:
        16B: 4 Subsections = 4096 buckets. Failed count: 1604316
        32B: 33 Subsections = 16896 buckets. Failed count: 1120288
        48B: 82 Subsections = 27989 buckets. Failed count: 1496984
        64B: 39 Subsections = 9984 buckets. Failed count: 124525
        80B: 40 Subsections = 8192 buckets. Failed count: 885703
        96B: 34 Subsections = 5802 buckets. Failed count: 60236
        112B: 18 Subsections = 2633 buckets. Failed count: 917910
        128B: 6 Subsections = 768 buckets. Failed count: 42888
    [ALLOC_GFX_MAIN]
      Peak usage frame count: [32.0 KB-64.0 KB]: 56 frames, [128.0 KB-256.0 KB]: 43 frames, [256.0 KB-0.5 MB]: 3667 frames, [0.5 MB-1.0 MB]: 1338 frames, [1.0 MB-2.0 MB]: 58816 frames, [2.0 MB-4.0 MB]: 23847 frames
      Requested Block Size 16.0 MB
      Peak Block count 1
      Peak Allocated memory 3.1 MB
      Peak Large allocation bytes 0 B
    [ALLOC_GFX_THREAD]
      Peak usage frame count: [64.0 MB-128.0 MB]: 87767 frames
      Requested Block Size 16.0 MB
      Peak Block count 7
      Peak Allocated memory 99.3 MB
      Peak Large allocation bytes 0 B
[ALLOC_CACHEOBJECTS] Dual Thread Allocator
  Peak main deferred allocation count 629
    [ALLOC_BUCKET]
      Large Block size 4.0 MB
      Used Block count 1
      Peak Allocated bytes 4.0 MB
      Failed Allocations. Bucket layout:
        16B: 4 Subsections = 4096 buckets. Failed count: 1604316
        32B: 33 Subsections = 16896 buckets. Failed count: 1120288
        48B: 82 Subsections = 27989 buckets. Failed count: 1496984
        64B: 39 Subsections = 9984 buckets. Failed count: 124525
        80B: 40 Subsections = 8192 buckets. Failed count: 885703
        96B: 34 Subsections = 5802 buckets. Failed count: 60236
        112B: 18 Subsections = 2633 buckets. Failed count: 917910
        128B: 6 Subsections = 768 buckets. Failed count: 42888
    [ALLOC_CACHEOBJECTS_MAIN]
      Peak usage frame count: [16.0 MB-32.0 MB]: 87767 frames
      Requested Block Size 4.0 MB
      Peak Block count 6
      Peak Allocated memory 24.6 MB
      Peak Large allocation bytes 7.6 MB
    [ALLOC_CACHEOBJECTS_THREAD]
      Peak usage frame count: [16.0 MB-32.0 MB]: 2 frames, [32.0 MB-64.0 MB]: 55 frames, [64.0 MB-128.0 MB]: 87710 frames
      Requested Block Size 4.0 MB
      Peak Block count 23
      Peak Allocated memory 116.5 MB
      Peak Large allocation bytes 46.0 MB
[ALLOC_TYPETREE] Dual Thread Allocator
  Peak main deferred allocation count 2
    [ALLOC_BUCKET]
      Large Block size 4.0 MB
      Used Block count 1
      Peak Allocated bytes 4.0 MB
      Failed Allocations. Bucket layout:
        16B: 4 Subsections = 4096 buckets. Failed count: 1604316
        32B: 33 Subsections = 16896 buckets. Failed count: 1120288
        48B: 82 Subsections = 27989 buckets. Failed count: 1496984
        64B: 39 Subsections = 9984 buckets. Failed count: 124525
        80B: 40 Subsections = 8192 buckets. Failed count: 885703
        96B: 34 Subsections = 5802 buckets. Failed count: 60236
        112B: 18 Subsections = 2633 buckets. Failed count: 917910
        128B: 6 Subsections = 768 buckets. Failed count: 42888
    [ALLOC_TYPETREE_MAIN]
      Peak usage frame count: [8.0 KB-16.0 KB]: 87767 frames
      Requested Block Size 2.0 MB
      Peak Block count 1
      Peak Allocated memory 13.7 KB
      Peak Large allocation bytes 0 B
    [ALLOC_TYPETREE_THREAD]
      Peak usage frame count: [8.0 KB-16.0 KB]: 3 frames, [16.0 KB-32.0 KB]: 4 frames, [32.0 KB-64.0 KB]: 50 frames, [256.0 KB-0.5 MB]: 87710 frames
      Requested Block Size 2.0 MB
      Peak Block count 1
      Peak Allocated memory 428.2 KB
      Peak Large allocation bytes 0 B
