[Physics::Module] Initialized MultithreadedJobDispatcher with 3 workers.
Initialize engine version: 2023.2.22f1 (6b19bf4f8115)
[Subsystems] Discovering subsystems at path D:/Games/FightingGames/Megabonk.v1.0.18/Megabonk.v1.0.18/Megabonk.v1.0.18/Megabonk_Data/UnitySubsystems
kGfxThreadingModeSplitJobs is not supported on Direct3D 11. Reverting to kGfxThreadingModeClientWorkerJobs instead.
GfxDevice: creating device client; kGfxThreadingModeClientWorkerJobs
Direct3D:
    Version:  Direct3D 11.0 [level 11.0]
    Renderer: NVIDIA GeForce GTX 750 Ti (ID=0x1380)
    Vendor:   NVIDIA
    VRAM:     1999 MB
    Driver:   32.0.15.6094
<RI> Initializing input.
<RI> Input initialized.
<RI> Initialized touch support.
UnloadTime: 0.597900 ms
Unloading 6 Unused Serialized files (Serialized files now loaded: 3)
UnloadTime: 0.926200 ms
Rewired save path set to: C:/Users/Omar Tef/AppData/LocalLow/Ved/Megabonk\Saves\CloudDir\69\controller_config.json
UnityEngine.DebugLogHandler:Internal_Log(LogType, LogOption, String, Object)
UnityEngine.Logger:Log(LogType, Object)
UnityEngine.Debug:Log(Object)
Rewired.Data.UserDataStore_File:OnInitialize()
Rewired.ReInput:FCtdvICrQuxSXlSRdnjaCOBvCvuS(InputManager_Base, Func`2, ConfigVars, ControllerDataFiles, UserData, Func`1, Action`1, Action`1)
Rewired.InputManager_Base:JuanJwxCSEdCpEyDivLkYBNFSMNr()

Steam initialized
UnityEngine.DebugLogHandler:Internal_Log(LogType, LogOption, String, Object)
UnityEngine.Logger:Log(LogType, Object)
UnityEngine.Debug:Log(Object)
AlwaysManager:Awake()

Rewired save path set to: C:/Users/Omar Tef/AppData/LocalLow/Ved/Megabonk\Saves\CloudDir\76561197960287777\controller_config.json
UnityEngine.DebugLogHandler:Internal_Log(LogType, LogOption, String, Object)
UnityEngine.Logger:Log(LogType, Object)
UnityEngine.Debug:Log(Object)
MyInputManager:OnSavesLoaded()
SaveManager:Load(UInt64, Boolean, String&, String&)
SaveManager:Load(Boolean)

Unloading 5 unused Assets to reduce memory usage. Loaded Objects now: 19679.
Total: 20.398800 ms (FindLiveObjects: 1.527300 ms CreateObjectMapping: 1.131500 ms MarkObjects: 17.629700 ms  DeleteObjects: 0.110000 ms)

[FontPrewarm] Prewarmed 87 characters for en
UnityEngine.DebugLogHandler:Internal_Log(LogType, LogOption, String, Object)
UnityEngine.Logger:Log(LogType, Object)
UnityEngine.Debug:Log(Object)
LocalizationPrewarmer:PrewarmFontAsset(TMP_FontAsset, Locale)
LocalizationPrewarmer:Start()

Unloading 5 Unused Serialized files (Serialized files now loaded: 3)
UnloadTime: 13.361000 ms
Unloading 690 unused Assets to reduce memory usage. Loaded Objects now: 11066.
Total: 22.510200 ms (FindLiveObjects: 0.734400 ms CreateObjectMapping: 3.132400 ms MarkObjects: 16.398800 ms  DeleteObjects: 2.244200 ms)

Unloading 6 Unused Serialized files (Serialized files now loaded: 3)
UnloadTime: 0.547800 ms
Unloading 9 unused Assets to reduce memory usage. Loaded Objects now: 23440.
Total: 32.475200 ms (FindLiveObjects: 2.297400 ms CreateObjectMapping: 1.540700 ms MarkObjects: 27.940000 ms  DeleteObjects: 0.696900 ms)

Unloading 6 Unused Serialized files (Serialized files now loaded: 3)
UnloadTime: 50.675000 ms
Unloading 1014 unused Assets to reduce memory usage. Loaded Objects now: 23094.
Total: 47.924500 ms (FindLiveObjects: 1.992700 ms CreateObjectMapping: 1.370100 ms MarkObjects: 43.218700 ms  DeleteObjects: 1.342800 ms)

Unloading 5 Unused Serialized files (Serialized files now loaded: 3)
UnloadTime: 29.890600 ms
Unloading 140 unused Assets to reduce memory usage. Loaded Objects now: 13666.
Total: 54.071400 ms (FindLiveObjects: 0.876600 ms CreateObjectMapping: 1.139100 ms MarkObjects: 50.123500 ms  DeleteObjects: 1.932000 ms)

Unloading 6 Unused Serialized files (Serialized files now loaded: 3)
UnloadTime: 0.399800 ms
Unloading 11 unused Assets to reduce memory usage. Loaded Objects now: 23908.
Total: 38.347700 ms (FindLiveObjects: 2.070100 ms CreateObjectMapping: 1.390000 ms MarkObjects: 34.732700 ms  DeleteObjects: 0.154600 ms)

Unloading 6 Unused Serialized files (Serialized files now loaded: 3)
UnloadTime: 31.203100 ms
Unloading 1001 unused Assets to reduce memory usage. Loaded Objects now: 23096.
Total: 45.921000 ms (FindLiveObjects: 2.274400 ms CreateObjectMapping: 1.564900 ms MarkObjects: 40.511700 ms  DeleteObjects: 1.569700 ms)

Unloading 5 Unused Serialized files (Serialized files now loaded: 3)
UnloadTime: 15.747600 ms
Unloading 140 unused Assets to reduce memory usage. Loaded Objects now: 13668.
Total: 46.936000 ms (FindLiveObjects: 0.854900 ms CreateObjectMapping: 0.591800 ms MarkObjects: 43.041700 ms  DeleteObjects: 2.446900 ms)

Unloading 6 Unused Serialized files (Serialized files now loaded: 3)
UnloadTime: 0.397500 ms
Unloading 11 unused Assets to reduce memory usage. Loaded Objects now: 23575.
Total: 49.841700 ms (FindLiveObjects: 7.406800 ms CreateObjectMapping: 1.646500 ms MarkObjects: 40.613000 ms  DeleteObjects: 0.174900 ms)

Unloading 6 Unused Serialized files (Serialized files now loaded: 3)
UnloadTime: 37.763300 ms
Unloading 1049 unused Assets to reduce memory usage. Loaded Objects now: 13675.
Total: 52.017400 ms (FindLiveObjects: 1.154600 ms CreateObjectMapping: 1.657200 ms MarkObjects: 47.879500 ms  DeleteObjects: 1.325600 ms)

Unloading 6 Unused Serialized files (Serialized files now loaded: 3)
UnloadTime: 0.421500 ms
Unloading 11 unused Assets to reduce memory usage. Loaded Objects now: 23758.
Total: 50.061100 ms (FindLiveObjects: 2.330500 ms CreateObjectMapping: 1.866600 ms MarkObjects: 45.691800 ms  DeleteObjects: 0.172000 ms)

Unloading 6 Unused Serialized files (Serialized files now loaded: 3)
UnloadTime: 60.181400 ms
Unloading 1011 unused Assets to reduce memory usage. Loaded Objects now: 23105.
Total: 52.278000 ms (FindLiveObjects: 1.833100 ms CreateObjectMapping: 1.221300 ms MarkObjects: 47.289800 ms  DeleteObjects: 1.933600 ms)

Setting up 2 worker threads for Enlighten.
Memory Statistics:
[ALLOC_TEMP_TLS] TLS Allocator
  StackAllocators : 
    [ALLOC_TEMP_MAIN]
      Peak usage frame count: [0-1.0 KB]: 79 frames, [1.0 KB-2.0 KB]: 17 frames, [4.0 KB-8.0 KB]: 2031 frames, [8.0 KB-16.0 KB]: 9358 frames, [16.0 KB-32.0 KB]: 144678 frames, [32.0 KB-64.0 KB]: 14163 frames, [64.0 KB-128.0 KB]: 4560 frames, [128.0 KB-256.0 KB]: 23706 frames, [1.0 MB-2.0 MB]: 12 frames, [2.0 MB-4.0 MB]: 1 frames
      Initial Block Size 4.0 MB
      Current Block Size 4.0 MB
      Peak Allocated Bytes 2.4 MB
      Overflow Count 0
    [ALLOC_TEMP_Background Job.worker 4]
      Initial Block Size 32.0 KB
      Current Block Size 32.0 KB
      Peak Allocated Bytes 48 B
      Overflow Count 0
    [ALLOC_TEMP_Loading.PreloadManager]
      Initial Block Size 256.0 KB
      Current Block Size 0.5 MB
      Peak Allocated Bytes 383.8 KB
      Overflow Count 292
    [ALLOC_TEMP_Background Job.worker 3]
      Initial Block Size 32.0 KB
      Current Block Size 32.0 KB
      Peak Allocated Bytes 48 B
      Overflow Count 0
    [ALLOC_TEMP_Background Job.worker 11]
      Initial Block Size 32.0 KB
      Current Block Size 32.0 KB
      Peak Allocated Bytes 50 B
      Overflow Count 0
    [ALLOC_TEMP_Background Job.worker 7]
      Initial Block Size 32.0 KB
      Current Block Size 32.0 KB
      Peak Allocated Bytes 48 B
      Overflow Count 0
    [ALLOC_TEMP_Background Job.worker 6]
      Initial Block Size 32.0 KB
      Current Block Size 32.0 KB
      Peak Allocated Bytes 48 B
      Overflow Count 0
    [ALLOC_TEMP_Background Job.worker 12]
      Initial Block Size 32.0 KB
      Current Block Size 32.0 KB
      Peak Allocated Bytes 50 B
      Overflow Count 0
    [ALLOC_TEMP_Background Job.worker 10]
      Initial Block Size 32.0 KB
      Current Block Size 32.0 KB
      Peak Allocated Bytes 50 B
      Overflow Count 0
    [ALLOC_TEMP_Background Job.worker 9]
      Initial Block Size 32.0 KB
      Current Block Size 32.0 KB
      Peak Allocated Bytes 48 B
      Overflow Count 0
    [ALLOC_TEMP_Job.worker 0]
      Initial Block Size 256.0 KB
      Current Block Size 256.0 KB
      Peak Allocated Bytes 128.1 KB
      Overflow Count 0
    [ALLOC_TEMP_Background Job.worker 2]
      Initial Block Size 32.0 KB
      Current Block Size 32.0 KB
      Peak Allocated Bytes 48 B
      Overflow Count 0
    [ALLOC_TEMP_Background Job.worker 8]
      Initial Block Size 32.0 KB
      Current Block Size 32.0 KB
      Peak Allocated Bytes 48 B
      Overflow Count 0
    [ALLOC_TEMP_Background Job.worker 15]
      Initial Block Size 32.0 KB
      Current Block Size 32.0 KB
      Peak Allocated Bytes 50 B
      Overflow Count 0
    [ALLOC_TEMP_Background Job.worker 1]
      Initial Block Size 32.0 KB
      Current Block Size 36.0 KB
      Peak Allocated Bytes 35.3 KB
      Overflow Count 0
    [ALLOC_TEMP_EnlightenWorker] x 2
      Initial Block Size 64.0 KB
      Current Block Size 64.0 KB
      Peak Allocated Bytes 0 B
      Overflow Count 0
    [ALLOC_TEMP_Job.worker 1]
      Initial Block Size 256.0 KB
      Current Block Size 256.0 KB
      Peak Allocated Bytes 128.8 KB
      Overflow Count 0
    [ALLOC_TEMP_Background Job.worker 13]
      Initial Block Size 32.0 KB
      Current Block Size 32.0 KB
      Peak Allocated Bytes 50 B
      Overflow Count 0
    [ALLOC_TEMP_Background Job.worker 5]
      Initial Block Size 32.0 KB
      Current Block Size 32.0 KB
      Peak Allocated Bytes 48 B
      Overflow Count 0
    [ALLOC_TEMP_UnityGfxDeviceWorker]
      Initial Block Size 256.0 KB
      Current Block Size 256.0 KB
      Peak Allocated Bytes 14.2 KB
      Overflow Count 0
    [ALLOC_TEMP_AssetGarbageCollectorHelper] x 3
      Initial Block Size 64.0 KB
      Current Block Size 64.0 KB
      Peak Allocated Bytes 56 B
      Overflow Count 0
    [ALLOC_TEMP_Job.worker 2]
      Initial Block Size 256.0 KB
      Current Block Size 256.0 KB
      Peak Allocated Bytes 123.1 KB
      Overflow Count 0
    [ALLOC_TEMP_Background Job.worker 0]
      Initial Block Size 32.0 KB
      Current Block Size 32.0 KB
      Peak Allocated Bytes 48 B
      Overflow Count 0
    [ALLOC_TEMP_Background Job.worker 14]
      Initial Block Size 32.0 KB
      Current Block Size 32.0 KB
      Peak Allocated Bytes 50 B
      Overflow Count 0
    [ALLOC_TEMP_Loading.AsyncRead]
      Initial Block Size 64.0 KB
      Current Block Size 64.0 KB
      Peak Allocated Bytes 357 B
      Overflow Count 0
    [ALLOC_TEMP_BatchDeleteObjects]
      Initial Block Size 64.0 KB
      Current Block Size 64.0 KB
      Peak Allocated Bytes 38 B
      Overflow Count 0
[ALLOC_DEFAULT] Dual Thread Allocator
  Peak main deferred allocation count 14591
    [ALLOC_BUCKET]
      Large Block size 4.0 MB
      Used Block count 1
      Peak Allocated bytes 4.0 MB
      Failed Allocations. Bucket layout:
        16B: 4 Subsections = 4096 buckets. Failed count: 3742571
        32B: 33 Subsections = 16896 buckets. Failed count: 3046704
        48B: 82 Subsections = 27989 buckets. Failed count: 4101844
        64B: 39 Subsections = 9984 buckets. Failed count: 323174
        80B: 40 Subsections = 8192 buckets. Failed count: 2022715
        96B: 34 Subsections = 5802 buckets. Failed count: 161870
        112B: 18 Subsections = 2633 buckets. Failed count: 2239729
        128B: 6 Subsections = 768 buckets. Failed count: 160358
    [ALLOC_DEFAULT_MAIN]
      Peak usage frame count: [32.0 MB-64.0 MB]: 56 frames, [64.0 MB-128.0 MB]: 10819 frames, [128.0 MB-256.0 MB]: 187730 frames
      Requested Block Size 16.0 MB
      Peak Block count 11
      Peak Allocated memory 178.0 MB
      Peak Large allocation bytes 24.0 MB
    [ALLOC_DEFAULT_THREAD]
      Peak usage frame count: [16.0 MB-32.0 MB]: 56 frames, [32.0 MB-64.0 MB]: 24382 frames, [64.0 MB-128.0 MB]: 174167 frames
      Requested Block Size 16.0 MB
      Peak Block count 5
      Peak Allocated memory 79.3 MB
      Peak Large allocation bytes 26.6 MB
[ALLOC_TEMP_JOB_1_FRAME]
  Initial Block Size 2.0 MB
  Used Block Count 1
  Overflow Count (too large) 0
  Overflow Count (full) 0
[ALLOC_TEMP_JOB_2_FRAMES]
  Initial Block Size 2.0 MB
  Used Block Count 0
  Overflow Count (too large) 0
  Overflow Count (full) 0
[ALLOC_TEMP_JOB_4_FRAMES (JobTemp)]
  Initial Block Size 2.0 MB
  Used Block Count 1
  Overflow Count (too large) 0
  Overflow Count (full) 0
[ALLOC_TEMP_JOB_ASYNC (Background)]
  Initial Block Size 1.0 MB
  Used Block Count 1
  Overflow Count (too large) 0
  Overflow Count (full) 0
[ALLOC_GFX] Dual Thread Allocator
  Peak main deferred allocation count 64
    [ALLOC_BUCKET]
      Large Block size 4.0 MB
      Used Block count 1
      Peak Allocated bytes 4.0 MB
      Failed Allocations. Bucket layout:
        16B: 4 Subsections = 4096 buckets. Failed count: 3742571
        32B: 33 Subsections = 16896 buckets. Failed count: 3046704
        48B: 82 Subsections = 27989 buckets. Failed count: 4101844
        64B: 39 Subsections = 9984 buckets. Failed count: 323174
        80B: 40 Subsections = 8192 buckets. Failed count: 2022715
        96B: 34 Subsections = 5802 buckets. Failed count: 161870
        112B: 18 Subsections = 2633 buckets. Failed count: 2239729
        128B: 6 Subsections = 768 buckets. Failed count: 160358
    [ALLOC_GFX_MAIN]
      Peak usage frame count: [32.0 KB-64.0 KB]: 55 frames, [128.0 KB-256.0 KB]: 27 frames, [256.0 KB-0.5 MB]: 8491 frames, [0.5 MB-1.0 MB]: 775 frames, [1.0 MB-2.0 MB]: 26836 frames, [2.0 MB-4.0 MB]: 162420 frames, [4.0 MB-8.0 MB]: 1 frames
      Requested Block Size 16.0 MB
      Peak Block count 1
      Peak Allocated memory 4.0 MB
      Peak Large allocation bytes 0 B
    [ALLOC_GFX_THREAD]
      Peak usage frame count: [64.0 MB-128.0 MB]: 198605 frames
      Requested Block Size 16.0 MB
      Peak Block count 7
      Peak Allocated memory 99.0 MB
      Peak Large allocation bytes 0 B
[ALLOC_CACHEOBJECTS] Dual Thread Allocator
  Peak main deferred allocation count 988
    [ALLOC_BUCKET]
      Large Block size 4.0 MB
      Used Block count 1
      Peak Allocated bytes 4.0 MB
      Failed Allocations. Bucket layout:
        16B: 4 Subsections = 4096 buckets. Failed count: 3742571
        32B: 33 Subsections = 16896 buckets. Failed count: 3046704
        48B: 82 Subsections = 27989 buckets. Failed count: 4101844
        64B: 39 Subsections = 9984 buckets. Failed count: 323174
        80B: 40 Subsections = 8192 buckets. Failed count: 2022715
        96B: 34 Subsections = 5802 buckets. Failed count: 161870
        112B: 18 Subsections = 2633 buckets. Failed count: 2239729
        128B: 6 Subsections = 768 buckets. Failed count: 160358
    [ALLOC_CACHEOBJECTS_MAIN]
      Peak usage frame count: [16.0 MB-32.0 MB]: 198605 frames
      Requested Block Size 4.0 MB
      Peak Block count 6
      Peak Allocated memory 24.6 MB
      Peak Large allocation bytes 7.6 MB
    [ALLOC_CACHEOBJECTS_THREAD]
      Peak usage frame count: [16.0 MB-32.0 MB]: 2 frames, [32.0 MB-64.0 MB]: 54 frames, [64.0 MB-128.0 MB]: 198549 frames
      Requested Block Size 4.0 MB
      Peak Block count 22
      Peak Allocated memory 118.0 MB
      Peak Large allocation bytes 46.0 MB
[ALLOC_TYPETREE] Dual Thread Allocator
  Peak main deferred allocation count 2
    [ALLOC_BUCKET]
      Large Block size 4.0 MB
      Used Block count 1
      Peak Allocated bytes 4.0 MB
      Failed Allocations. Bucket layout:
        16B: 4 Subsections = 4096 buckets. Failed count: 3742571
        32B: 33 Subsections = 16896 buckets. Failed count: 3046704
        48B: 82 Subsections = 27989 buckets. Failed count: 4101844
        64B: 39 Subsections = 9984 buckets. Failed count: 323174
        80B: 40 Subsections = 8192 buckets. Failed count: 2022715
        96B: 34 Subsections = 5802 buckets. Failed count: 161870
        112B: 18 Subsections = 2633 buckets. Failed count: 2239729
        128B: 6 Subsections = 768 buckets. Failed count: 160358
    [ALLOC_TYPETREE_MAIN]
      Peak usage frame count: [8.0 KB-16.0 KB]: 198605 frames
      Requested Block Size 2.0 MB
      Peak Block count 1
      Peak Allocated memory 13.7 KB
      Peak Large allocation bytes 0 B
    [ALLOC_TYPETREE_THREAD]
      Peak usage frame count: [8.0 KB-16.0 KB]: 3 frames, [16.0 KB-32.0 KB]: 3 frames, [32.0 KB-64.0 KB]: 50 frames, [256.0 KB-0.5 MB]: 198549 frames
      Requested Block Size 2.0 MB
      Peak Block count 1
      Peak Allocated memory 428.2 KB
      Peak Large allocation bytes 0 B
