Mono path[0] = 'E:/Games/AdventureGames/Hollow-Knight-Silksong/Hollow Knight Silksong/Hollow Knight Silksong_Data/Managed'
Mono config path = 'E:/Games/AdventureGames/Hollow-Knight-Silksong/Hollow Knight Silksong/MonoBleedingEdge/etc'
Input System module state changed to: Initialized.
[Physics::Module] Initialized fallback backend.
[Physics::Module] Id: 0xdecafbad
Initialize engine version: 6000.0.50f1-uum-100966-branch1 (359a00488d30)
[Subsystems] Discovering subsystems at path E:/Games/AdventureGames/Hollow-Knight-Silksong/Hollow Knight Silksong/Hollow Knight Silksong_Data/UnitySubsystems
GfxDevice: creating device client; kGfxThreadingModeThreaded
Direct3D:
    Version:  Direct3D 11.0 [level 11.0]
    Renderer: NVIDIA GeForce GTX 750 Ti (ID=0x1380)
    Vendor:   NVIDIA
    VRAM:     1999 MB
    Driver:   32.0.15.7680
Begin MonoManager ReloadAssembly
- Loaded All Assemblies, in  0.162 seconds
- Finished resetting the current domain, in  0.004 seconds
[Physics::Module] Selected backend.
[Physics::Module] Name: PhysX
[Physics::Module] Id: 0xf2b8ea05
[Physics::Module] SDK Version: 4.1.2
[Physics::Module] Integration Version: 1.0.0
[Physics::Module] Threading Mode: Multi-Threaded
<RI> Initializing input.
<RI> Input initialized.
<RI> Initialized touch support.
UnloadTime: 0.646400 ms
Steam initializing
Steam failed to initialize
Selected online subsystem SteamOnlineSubsystem
Direct3D: detected that using refresh rate causes time drift. Will stop trusting refresh rate until the game window is moved.
Direct3D: detected that vsync is broken (it does not limit frame rate properly). Delta time will now be calculated using cpu-side time stampling until the game window is moved.
Unloading 5 Unused Serialized files (Serialized files now loaded: 527)
UnloadTime: 1.878300 ms
Discovered supported languages: DE, EN, ES, FR, IT, JA, KO, PT, RU, ZH
Loaded system language 'English'
Loaded system language code 'EN'
Restored language code 'EN'
Couldn't find a Game Manager, make sure one exists in the scene.
Unloading 51 unused Assets to reduce memory usage. Loaded Objects now: 6108.
Total: 3.799300 ms (FindLiveObjects: 0.454600 ms CreateObjectMapping: 0.361600 ms MarkObjects: 2.943500 ms  DeleteObjects: 0.039100 ms)

Couldn't find GameCameras, make sure one exists in the scene.
Unloading 2 Unused Serialized files (Serialized files now loaded: 527)
Unloading 0 unused Assets to reduce memory usage. Loaded Objects now: 13326.
Total: 7.573100 ms (FindLiveObjects: 0.805700 ms CreateObjectMapping: 0.593200 ms MarkObjects: 6.150000 ms  DeleteObjects: 0.023900 ms)

Couldn't find a UIManager, make sure one exists in the scene.
Couldn't find a UIManager, make sure one exists in the scene.
Couldn't find a UIManager, make sure one exists in the scene.
Couldn't find a UIManager, make sure one exists in the scene.
Couldn't find a UIManager, make sure one exists in the scene.
Couldn't find a UIManager, make sure one exists in the scene.
Couldn't find a UIManager, make sure one exists in the scene.
Couldn't find a UIManager, make sure one exists in the scene.
Couldn't find a UIManager, make sure one exists in the scene.
Couldn't find a UIManager, make sure one exists in the scene.
Unloading 2 Unused Serialized files (Serialized files now loaded: 579)
Couldn't find a Game Manager, make sure one exists in the scene.
Couldn't find a Game Manager, make sure one exists in the scene.
Couldn't find a Game Manager, make sure one exists in the scene.
Couldn't find a UIManager, make sure one exists in the scene.
Couldn't find a UIManager, make sure one exists in the scene.
Couldn't find GameCameras, make sure one exists in the scene.
Couldn't find a Game Manager, make sure one exists in the scene.
UnloadTime: 12.722500 ms
Loaded saved language code 'EN'
Restored language code 'EN'
Unloading 72 unused Assets to reduce memory usage. Loaded Objects now: 66679.
Total: 59.013900 ms (FindLiveObjects: 5.324000 ms CreateObjectMapping: 7.374200 ms MarkObjects: 46.095500 ms  DeleteObjects: 0.219700 ms)

MenuButton missing flashEffect!
Making UI menu lean.
Only custom filters can be played. Please add a custom filter or an audioclip to the audiosource (Audio Player Actor Distant V2(Clone)).
Only custom filters can be played. Please add a custom filter or an audioclip to the audiosource (Audio Player Actor Distant V2(Clone)).
Only custom filters can be played. Please add a custom filter or an audioclip to the audiosource (Audio Player Actor Distant V2(Clone)).
Using fallback 1 to find tilemap. Scene Opening_Sequence requires manual fixing.
Failed to find tilemap in Opening_Sequence entirely.
Opening sequence changing sequences.
Unloading 2 Unused Serialized files (Serialized files now loaded: 563)
Unloading 325 unused Assets to reduce memory usage. Loaded Objects now: 92410.
Total: 83.004700 ms (FindLiveObjects: 9.594600 ms CreateObjectMapping: 8.686600 ms MarkObjects: 63.454700 ms  DeleteObjects: 1.268500 ms)

Couldn't find ControlReminder instance.
Couldn't find ControlReminder instance.
Couldn't find ControlReminder instance.
Unloading 1 Unused Serialized files (Serialized files now loaded: 588)
Only custom filters can be played. Please add a custom filter or an audioclip to the audiosource (Music).
Opening sequence changing sequences.
Unexpected timestamp values detected. This can occur in H.264 videos not encoded with the baseline profile. Timestamps will be skewed to correct the playback for archive:/CAB-04119a77865892709af3e65442e2f32a/CAB-04119a77865892709af3e65442e2f32a.resource
Opening sequence changing sequences.
Couldn't find ControlReminder instance.
Couldn't find ControlReminder instance.
Couldn't find ControlReminder instance.
UnloadTime: 1.635600 ms
Converting Vertex Colors from Color32 to Color.
Converting Vertex Colors from Color32 to Color.
Converting Vertex Colors from Color32 to Color.
Unloading 2594 unused Assets to reduce memory usage. Loaded Objects now: 128137.
Total: 127.529300 ms (FindLiveObjects: 13.278800 ms CreateObjectMapping: 11.793000 ms MarkObjects: 97.836300 ms  DeleteObjects: 4.620500 ms)

Cannot use 'linearVelocity' on a static body.
Reloading same scene! Destroying GuidComponents to prevent collisions...
Unloading 2 Unused Serialized files (Serialized files now loaded: 585)
Unloading 1786 unused Assets to reduce memory usage. Loaded Objects now: 130701.
Total: 130.034600 ms (FindLiveObjects: 14.832900 ms CreateObjectMapping: 11.576400 ms MarkObjects: 97.352600 ms  DeleteObjects: 6.272300 ms)

Cannot use 'linearVelocity' on a static body.
Unable to retrieve achievement state for FIRST_TOOL, because Steam is not initialized
Unable to unlock achievement FIRST_TOOL, because Steam is not initialized
Unable to update achievement progress for ALL_TOOLS, because Steam is not initialized
Could Not Create Action: : Behaviour: Sing:  (Maybe the script was removed?)
Could Not Create Action: : Behaviour: Sing:  (Maybe the script was removed?)
Only custom filters can be played. Please add a custom filter or an audioclip to the audiosource (Audio Player Actor Distant V2(Clone)).
Only custom filters can be played. Please add a custom filter or an audioclip to the audiosource (Audio Player Actor Distant V2(Clone)).
Only custom filters can be played. Please add a custom filter or an audioclip to the audiosource (Audio Player Actor Distant V2(Clone)).
Only custom filters can be played. Please add a custom filter or an audioclip to the audiosource (Audio Player Actor Distant V2(Clone)).
Cannot use 'linearVelocity' on a static body.
Unable to update achievement progress for ALL_MAPS, because Steam is not initialized
Unable to update achievement progress for ALL_MAPS, because Steam is not initialized
Unable to retrieve achievement state for FIRST_SILK_SKILL, because Steam is not initialized
Unable to unlock achievement FIRST_SILK_SKILL, because Steam is not initialized
Unable to update achievement progress for ALL_SILK_SKILLS, because Steam is not initialized
Cannot use 'linearVelocity' on a static body.
Can not play a disabled audio source
Unloading 1 Unused Serialized files (Serialized files now loaded: 618)
Unloading 4634 unused Assets to reduce memory usage. Loaded Objects now: 139887.
Total: 168.960400 ms (FindLiveObjects: 17.158700 ms CreateObjectMapping: 11.427000 ms MarkObjects: 91.688000 ms  DeleteObjects: 48.686200 ms)

Unable to retrieve achievement state for DEFEATED_BELLBEAST, because Steam is not initialized
Unable to unlock achievement DEFEATED_BELLBEAST, because Steam is not initialized
Unable to update achievement progress for ALL_SILK_HEARTS, because Steam is not initialized
Using fallback 1 to find tilemap. Scene Bellshrine requires manual fixing.
Unloading 1 Unused Serialized files (Serialized files now loaded: 645)
Unloading 5546 unused Assets to reduce memory usage. Loaded Objects now: 138555.
Total: 170.682500 ms (FindLiveObjects: 18.560100 ms CreateObjectMapping: 10.260100 ms MarkObjects: 111.783600 ms  DeleteObjects: 30.078400 ms)

Unloading 1 Unused Serialized files (Serialized files now loaded: 577)
Attempting to get `time` on an audio source that has a resource that is not a clip will always return 0.
Attempting to get `time` on an audio source that has a resource that is not a clip will always return 0.
Scene Manager missing from scene Tut_01
UnloadTime: 17.192700 ms
Unloading 7067 unused Assets to reduce memory usage. Loaded Objects now: 121501.
Total: 174.954300 ms (FindLiveObjects: 13.096100 ms CreateObjectMapping: 10.880100 ms MarkObjects: 99.391500 ms  DeleteObjects: 51.586000 ms)

Unloading 0 Unused Serialized files (Serialized files now loaded: 525)
Unloading 7874 unused Assets to reduce memory usage. Loaded Objects now: 25867.
Total: 72.636400 ms (FindLiveObjects: 2.595000 ms CreateObjectMapping: 4.360900 ms MarkObjects: 49.469100 ms  DeleteObjects: 16.211000 ms)

Unloading 1 Unused Serialized files (Serialized files now loaded: 577)
UnloadTime: 1.269300 ms
Loaded saved language code 'EN'
Restored language code 'EN'
Unloading 56 unused Assets to reduce memory usage. Loaded Objects now: 72074.
Total: 72.542500 ms (FindLiveObjects: 6.749700 ms CreateObjectMapping: 7.588600 ms MarkObjects: 57.992000 ms  DeleteObjects: 0.212000 ms)

Unloading 1 Unused Serialized files (Serialized files now loaded: 575)
Unloading 5609 unused Assets to reduce memory usage. Loaded Objects now: 66449.
Total: 73.164600 ms (FindLiveObjects: 6.095100 ms CreateObjectMapping: 7.285900 ms MarkObjects: 46.551700 ms  DeleteObjects: 13.231700 ms)

MenuButton missing flashEffect!
Making UI menu lean.
Only custom filters can be played. Please add a custom filter or an audioclip to the audiosource (Audio Player Actor Distant V2(Clone)).
Only custom filters can be played. Please add a custom filter or an audioclip to the audiosource (Audio Player Actor Distant V2(Clone)).
Only custom filters can be played. Please add a custom filter or an audioclip to the audiosource (Audio Player Actor Distant V2(Clone)).
Unloading 1 Unused Serialized files (Serialized files now loaded: 608)
Unloading 113 unused Assets to reduce memory usage. Loaded Objects now: 120912.
Total: 105.032100 ms (FindLiveObjects: 13.296900 ms CreateObjectMapping: 10.480800 ms MarkObjects: 80.392800 ms  DeleteObjects: 0.861300 ms)

Converting Vertex Colors from Color32 to Color.
Converting Vertex Colors from Color32 to Color.
Converting Vertex Colors from Color32 to Color.
Unable to update achievement progress for FIRST_SILK_SPOOL, because Steam is not initialized
Unable to update achievement progress for ALL_SILK_SPOOLS, because Steam is not initialized
Unloading 1 Unused Serialized files (Serialized files now loaded: 652)
Unloading 5280 unused Assets to reduce memory usage. Loaded Objects now: 150152.
Total: 163.851900 ms (FindLiveObjects: 16.816700 ms CreateObjectMapping: 12.372300 ms MarkObjects: 105.530700 ms  DeleteObjects: 29.131700 ms)

Using fallback 1 to find tilemap. Scene Bellshrine requires manual fixing.
Cannot set the parent of the GameObject 'Slam Effect' while activating or deactivating the parent GameObject 'Shell Fossil Mimic AppearVariant'.
Cannot set the parent of the GameObject 'Slam Effect' while activating or deactivating the parent GameObject 'Shell Fossil Mimic AppearVariant'.
Can not play a disabled audio source
Can not play a disabled audio source
Can not play a disabled audio source
Can not play a disabled audio source
Cannot use 'linearVelocity' on a static body.
Only custom filters can be played. Please add a custom filter or an audioclip to the audiosource (Audio Player Actor Distant V2(Clone)).
Only custom filters can be played. Please add a custom filter or an audioclip to the audiosource (Audio Player Actor Distant V2(Clone)).
Only custom filters can be played. Please add a custom filter or an audioclip to the audiosource (Audio Player Actor Distant V2(Clone)).
Only custom filters can be played. Please add a custom filter or an audioclip to the audiosource (Audio Player Actor Distant V2(Clone)).
Using fallback 1 to find tilemap. Scene Bellshrine requires manual fixing.
Unloading 1 Unused Serialized files (Serialized files now loaded: 625)
Unloading 7386 unused Assets to reduce memory usage. Loaded Objects now: 125796.
Total: 174.078600 ms (FindLiveObjects: 13.852700 ms CreateObjectMapping: 11.059100 ms MarkObjects: 91.989200 ms  DeleteObjects: 57.177000 ms)

Only custom filters can be played. Please add a custom filter or an audioclip to the audiosource (Audio Player Actor Distant V2(Clone)).
Only custom filters can be played. Please add a custom filter or an audioclip to the audiosource (Audio Player Actor Distant V2(Clone)).
PlayOneShot was called with a null AudioClip.
PlayOneShot was called with a null AudioClip.
PlayOneShot was called with a null AudioClip.
Using fallback 1 to find tilemap. Scene Bellshrine requires manual fixing.
Unloading 1 Unused Serialized files (Serialized files now loaded: 578)
Unloading 3824 unused Assets to reduce memory usage. Loaded Objects now: 125843.
Total: 161.588800 ms (FindLiveObjects: 16.100100 ms CreateObjectMapping: 10.234100 ms MarkObjects: 109.801400 ms  DeleteObjects: 25.452800 ms)

Only custom filters can be played. Please add a custom filter or an audioclip to the audiosource (Audio Player Actor Distant V2(Clone)).
Reloading same scene! Destroying GuidComponents to prevent collisions...
Unloading 1 Unused Serialized files (Serialized files now loaded: 598)
Unloading 4009 unused Assets to reduce memory usage. Loaded Objects now: 132031.
Total: 152.996100 ms (FindLiveObjects: 15.040000 ms CreateObjectMapping: 10.493400 ms MarkObjects: 104.430700 ms  DeleteObjects: 23.031600 ms)

Cannot use 'linearVelocity' on a static body.
Unable to retrieve achievement state for FIRST_TOOL, because Steam is not initialized
Unable to update achievement progress for ALL_TOOLS, because Steam is not initialized
Only custom filters can be played. Please add a custom filter or an audioclip to the audiosource (Audio Player Actor Distant V2(Clone)).
Unloading 1 Unused Serialized files (Serialized files now loaded: 577)
Attempting to get `time` on an audio source that has a resource that is not a clip will always return 0.
Attempting to get `time` on an audio source that has a resource that is not a clip will always return 0.
UnloadTime: 18.814300 ms
Unloading 6912 unused Assets to reduce memory usage. Loaded Objects now: 122475.
Total: 193.756800 ms (FindLiveObjects: 15.872000 ms CreateObjectMapping: 10.554300 ms MarkObjects: 108.241100 ms  DeleteObjects: 59.089100 ms)

Unloading 0 Unused Serialized files (Serialized files now loaded: 525)
Unloading 7859 unused Assets to reduce memory usage. Loaded Objects now: 26318.
Total: 75.002100 ms (FindLiveObjects: 2.708400 ms CreateObjectMapping: 4.766200 ms MarkObjects: 52.815500 ms  DeleteObjects: 14.711800 ms)

Unloading 1 Unused Serialized files (Serialized files now loaded: 577)
UnloadTime: 0.446600 ms
Loaded saved language code 'EN'
Restored language code 'EN'
Unloading 56 unused Assets to reduce memory usage. Loaded Objects now: 72514.
Total: 71.255200 ms (FindLiveObjects: 6.869700 ms CreateObjectMapping: 9.194800 ms MarkObjects: 54.853600 ms  DeleteObjects: 0.336800 ms)

Unloading 1 Unused Serialized files (Serialized files now loaded: 575)
Unloading 5609 unused Assets to reduce memory usage. Loaded Objects now: 66889.
Total: 71.056300 ms (FindLiveObjects: 6.532300 ms CreateObjectMapping: 7.049000 ms MarkObjects: 42.691500 ms  DeleteObjects: 14.783300 ms)

MenuButton missing flashEffect!
Making UI menu lean.
Only custom filters can be played. Please add a custom filter or an audioclip to the audiosource (Audio Player Actor Distant V2(Clone)).
Only custom filters can be played. Please add a custom filter or an audioclip to the audiosource (Audio Player Actor Distant V2(Clone)).
Only custom filters can be played. Please add a custom filter or an audioclip to the audiosource (Audio Player Actor Distant V2(Clone)).
Unloading 1 Unused Serialized files (Serialized files now loaded: 640)
Unloading 113 unused Assets to reduce memory usage. Loaded Objects now: 132668.
Total: 115.908400 ms (FindLiveObjects: 14.013400 ms CreateObjectMapping: 10.770700 ms MarkObjects: 90.108800 ms  DeleteObjects: 1.015100 ms)

Converting Vertex Colors from Color32 to Color.
Converting Vertex Colors from Color32 to Color.
Converting Vertex Colors from Color32 to Color.
Unable to retrieve achievement state for FIRST_WISH, because Steam is not initialized
Unable to unlock achievement FIRST_WISH, because Steam is not initialized
Unloading 1 Unused Serialized files (Serialized files now loaded: 642)
Scene Manager missing from scene Bonetown
UnloadTime: 29.367600 ms
Unloading 6829 unused Assets to reduce memory usage. Loaded Objects now: 123039.
Total: 149.197300 ms (FindLiveObjects: 14.985300 ms CreateObjectMapping: 10.474300 ms MarkObjects: 84.798500 ms  DeleteObjects: 38.938900 ms)

Unloading 0 Unused Serialized files (Serialized files now loaded: 525)
Unloading 7842 unused Assets to reduce memory usage. Loaded Objects now: 26521.
Total: 73.996600 ms (FindLiveObjects: 2.743200 ms CreateObjectMapping: 4.877100 ms MarkObjects: 48.942100 ms  DeleteObjects: 17.433800 ms)

Unloading 1 Unused Serialized files (Serialized files now loaded: 577)
UnloadTime: 0.463500 ms
Loaded saved language code 'EN'
Restored language code 'EN'
Unloading 56 unused Assets to reduce memory usage. Loaded Objects now: 72705.
Total: 82.761600 ms (FindLiveObjects: 8.111300 ms CreateObjectMapping: 7.376500 ms MarkObjects: 67.058500 ms  DeleteObjects: 0.215000 ms)

Unloading 1 Unused Serialized files (Serialized files now loaded: 575)
Unloading 5610 unused Assets to reduce memory usage. Loaded Objects now: 67079.
Total: 72.570000 ms (FindLiveObjects: 6.828100 ms CreateObjectMapping: 7.443700 ms MarkObjects: 43.533400 ms  DeleteObjects: 14.764400 ms)

[Physics::Module] Cleanup current backned.
[Physics::Module] Id: 0xf2b8ea05
Input System module state changed to: ShutdownInProgress.
Input System polling thread exited.
Input System module state changed to: Shutdown.
