Mono path[0] = 'E:/Games/AdventureGames/Hollow-Knight-Silksong/Hollow Knight Silksong/Hollow Knight Silksong_Data/Managed'
Mono config path = 'E:/Games/AdventureGames/Hollow-Knight-Silksong/Hollow Knight Silksong/MonoBleedingEdge/etc'
Input System module state changed to: Initialized.
[Physics::Module] Initialized fallback backend.
[Physics::Module] Id: 0xdecafbad
Initialize engine version: 6000.0.50f1-uum-100966-branch1 (359a00488d30)
[Subsystems] Discovering subsystems at path E:/Games/AdventureGames/Hollow-Knight-Silksong/Hollow Knight Silksong/Hollow Knight Silksong_Data/UnitySubsystems
GfxDevice: creating device client; kGfxThreadingModeThreaded
Direct3D:
    Version:  Direct3D 11.0 [level 11.0]
    Renderer: NVIDIA GeForce GTX 750 Ti (ID=0x1380)
    Vendor:   NVIDIA
    VRAM:     1999 MB
    Driver:   32.0.15.7680
Begin MonoManager ReloadAssembly
- Loaded All Assemblies, in  0.292 seconds
- Finished resetting the current domain, in  0.003 seconds
[Physics::Module] Selected backend.
[Physics::Module] Name: PhysX
[Physics::Module] Id: 0xf2b8ea05
[Physics::Module] SDK Version: 4.1.2
[Physics::Module] Integration Version: 1.0.0
[Physics::Module] Threading Mode: Multi-Threaded
<RI> Initializing input.
<RI> Input initialized.
<RI> Initialized touch support.
UnloadTime: 0.541500 ms
Steam initializing
Steam failed to initialize
Selected online subsystem SteamOnlineSubsystem
Direct3D: detected that using refresh rate causes time drift. Will stop trusting refresh rate until the game window is moved.
Direct3D: detected that vsync is broken (it does not limit frame rate properly). Delta time will now be calculated using cpu-side time stampling until the game window is moved.
Unloading 5 Unused Serialized files (Serialized files now loaded: 527)
UnloadTime: 1.400100 ms
Discovered supported languages: DE, EN, ES, FR, IT, JA, KO, PT, RU, ZH
Loaded saved language code 'EN'
Restored language code 'EN'
Couldn't find a Game Manager, make sure one exists in the scene.
Couldn't find GameCameras, make sure one exists in the scene.
Unloading 51 unused Assets to reduce memory usage. Loaded Objects now: 6108.
Total: 4.260400 ms (FindLiveObjects: 0.418100 ms CreateObjectMapping: 0.231500 ms MarkObjects: 3.562100 ms  DeleteObjects: 0.048300 ms)

Unloading 2 Unused Serialized files (Serialized files now loaded: 527)
Unloading 1 unused Assets to reduce memory usage. Loaded Objects now: 13326.
Total: 6.718800 ms (FindLiveObjects: 0.790300 ms CreateObjectMapping: 0.570000 ms MarkObjects: 5.328500 ms  DeleteObjects: 0.029700 ms)

Unloading 1 Unused Serialized files (Serialized files now loaded: 579)
Couldn't find GameCameras, make sure one exists in the scene.
Couldn't find a Game Manager, make sure one exists in the scene.
UnloadTime: 11.438500 ms
Loaded saved language code 'EN'
Restored language code 'EN'
Unloading 73 unused Assets to reduce memory usage. Loaded Objects now: 66300.
Total: 63.359800 ms (FindLiveObjects: 6.361500 ms CreateObjectMapping: 7.750200 ms MarkObjects: 48.871600 ms  DeleteObjects: 0.376300 ms)

ERROR: Can't load achievements if they haven't been fetched yet!
NullReferenceException: Object reference not set to an instance of an object
  at PolyAndCode.UI.VerticalRecyclingSystem.CreateCellPool () [0x000e5] in <fd56c045f07f4558870b58a8c3e7932c>:0 
  at PolyAndCode.UI.VerticalRecyclingSystem+<InitCoroutine>d__25.MoveNext () [0x0005c] in <fd56c045f07f4558870b58a8c3e7932c>:0 
  at UnityEngine.SetupCoroutine.InvokeMoveNext (System.Collections.IEnumerator enumerator, System.IntPtr returnValueAddress) [0x00026] in <efee8e9be36d4dfe98a6cfef804f28b8>:0 

MenuButton missing flashEffect!
Making UI menu lean.
Only custom filters can be played. Please add a custom filter or an audioclip to the audiosource (Audio Player Actor Distant V2(Clone)).
Only custom filters can be played. Please add a custom filter or an audioclip to the audiosource (Audio Player Actor Distant V2(Clone)).
Only custom filters can be played. Please add a custom filter or an audioclip to the audiosource (Audio Player Actor Distant V2(Clone)).
Unloading 3 Unused Serialized files (Serialized files now loaded: 570)
Unloading 272 unused Assets to reduce memory usage. Loaded Objects now: 112252.
Total: 101.086400 ms (FindLiveObjects: 11.962600 ms CreateObjectMapping: 11.907100 ms MarkObjects: 75.945100 ms  DeleteObjects: 1.271300 ms)

Converting Vertex Colors from Color32 to Color.
Converting Vertex Colors from Color32 to Color.
Converting Vertex Colors from Color32 to Color.
Only custom filters can be played. Please add a custom filter or an audioclip to the audiosource (Audio Player Actor Distant V2(Clone)).
Only custom filters can be played. Please add a custom filter or an audioclip to the audiosource (Audio Player Actor Distant V2(Clone)).
Only custom filters can be played. Please add a custom filter or an audioclip to the audiosource (Audio Player Actor Distant V2(Clone)).
Unable to retrieve achievement state for FIRST_SILK_SPOOL, because Steam is not initialized
Unable to unlock achievement FIRST_SILK_SPOOL, because Steam is not initialized
Unable to update achievement progress for ALL_SILK_SPOOLS, because Steam is not initialized
Only custom filters can be played. Please add a custom filter or an audioclip to the audiosource (Audio Player Actor Distant V2(Clone)).
Only custom filters can be played. Please add a custom filter or an audioclip to the audiosource (Audio Player Actor Distant V2(Clone)).
Only custom filters can be played. Please add a custom filter or an audioclip to the audiosource (Audio Player Actor Distant V2(Clone)).
Only custom filters can be played. Please add a custom filter or an audioclip to the audiosource (Audio Player Actor Distant V2(Clone)).
Only custom filters can be played. Please add a custom filter or an audioclip to the audiosource (Audio Player Actor Distant V2(Clone)).
Only custom filters can be played. Please add a custom filter or an audioclip to the audiosource (Audio Player Actor Distant V2(Clone)).
Only custom filters can be played. Please add a custom filter or an audioclip to the audiosource (Audio Player Actor Distant V2(Clone)).
Unable to retrieve achievement state for FIRST_TOOL, because Steam is not initialized
Unable to update achievement progress for ALL_TOOLS, because Steam is not initialized
Unloading 1 Unused Serialized files (Serialized files now loaded: 639)
Unloading 3957 unused Assets to reduce memory usage. Loaded Objects now: 141998.
Total: 152.769800 ms (FindLiveObjects: 16.182600 ms CreateObjectMapping: 11.060400 ms MarkObjects: 105.605300 ms  DeleteObjects: 19.921300 ms)

Only custom filters can be played. Please add a custom filter or an audioclip to the audiosource (Audio Player Actor Distant V2(Clone)).
Only custom filters can be played. Please add a custom filter or an audioclip to the audiosource (Audio Player Actor Distant V2(Clone)).
Unloading 1 Unused Serialized files (Serialized files now loaded: 639)
Unloading 364 unused Assets to reduce memory usage. Loaded Objects now: 142044.
Total: 140.077100 ms (FindLiveObjects: 16.914600 ms CreateObjectMapping: 10.268100 ms MarkObjects: 106.933900 ms  DeleteObjects: 5.960100 ms)

Unloading 1 Unused Serialized files (Serialized files now loaded: 639)
Unloading 364 unused Assets to reduce memory usage. Loaded Objects now: 142068.
Total: 128.782600 ms (FindLiveObjects: 14.118000 ms CreateObjectMapping: 9.748700 ms MarkObjects: 98.627300 ms  DeleteObjects: 6.288200 ms)

Unloading 1 Unused Serialized files (Serialized files now loaded: 639)
Unloading 364 unused Assets to reduce memory usage. Loaded Objects now: 142094.
Total: 132.149900 ms (FindLiveObjects: 14.651400 ms CreateObjectMapping: 12.123300 ms MarkObjects: 99.491500 ms  DeleteObjects: 5.883500 ms)

Unloading 1 Unused Serialized files (Serialized files now loaded: 639)
Unloading 364 unused Assets to reduce memory usage. Loaded Objects now: 142119.
Total: 131.971200 ms (FindLiveObjects: 15.463600 ms CreateObjectMapping: 10.249800 ms MarkObjects: 100.999100 ms  DeleteObjects: 5.258000 ms)

Unable to retrieve achievement state for DEFEATED_LACE_1, because Steam is not initialized
Unable to unlock achievement DEFEATED_LACE_1, because Steam is not initialized
Unloading 1 Unused Serialized files (Serialized files now loaded: 641)
UnloadTime: 17.123300 ms
Unloading 3799 unused Assets to reduce memory usage. Loaded Objects now: 123163.
Total: 131.681000 ms (FindLiveObjects: 14.458100 ms CreateObjectMapping: 10.207500 ms MarkObjects: 90.344100 ms  DeleteObjects: 16.671100 ms)

Unloading 0 Unused Serialized files (Serialized files now loaded: 525)
Unloading 7841 unused Assets to reduce memory usage. Loaded Objects now: 25679.
Total: 73.843600 ms (FindLiveObjects: 2.289700 ms CreateObjectMapping: 3.903100 ms MarkObjects: 48.756700 ms  DeleteObjects: 18.893800 ms)

Unloading 1 Unused Serialized files (Serialized files now loaded: 577)
UnloadTime: 1.090200 ms
Loaded saved language code 'EN'
Restored language code 'EN'
Unloading 62 unused Assets to reduce memory usage. Loaded Objects now: 71854.
Total: 90.398600 ms (FindLiveObjects: 5.826700 ms CreateObjectMapping: 7.531800 ms MarkObjects: 76.802900 ms  DeleteObjects: 0.236500 ms)

Unloading 1 Unused Serialized files (Serialized files now loaded: 575)
Unloading 0 unused Assets to reduce memory usage. Loaded Objects now: 71838.
Total: 120.987000 ms (FindLiveObjects: 7.617700 ms CreateObjectMapping: 8.292900 ms MarkObjects: 104.938800 ms  DeleteObjects: 0.137200 ms)

[Physics::Module] Cleanup current backned.
[Physics::Module] Id: 0xf2b8ea05
Input System module state changed to: ShutdownInProgress.
Input System polling thread exited.
Input System module state changed to: Shutdown.
